Archive member included to satisfy reference by file (symbol)

/Applications/STM32CubeIDE.app/Contents/Eclipse/plugins/com.st.stm32cube.ide.mcu.externaltools.gnu-tools-for-stm32.11.3.rel1.macos64_1.1.1.202309131626/tools/bin/../lib/gcc/arm-none-eabi/11.3.1/../../../../arm-none-eabi/lib/thumb/v7e-m+fp/hard/libc_nano.a(libc_a-exit.o)
                              /Applications/STM32CubeIDE.app/Contents/Eclipse/plugins/com.st.stm32cube.ide.mcu.externaltools.gnu-tools-for-stm32.11.3.rel1.macos64_1.1.1.202309131626/tools/bin/../lib/gcc/arm-none-eabi/11.3.1/../../../../arm-none-eabi/lib/thumb/v7e-m+fp/hard/crt0.o (exit)
/Applications/STM32CubeIDE.app/Contents/Eclipse/plugins/com.st.stm32cube.ide.mcu.externaltools.gnu-tools-for-stm32.11.3.rel1.macos64_1.1.1.202309131626/tools/bin/../lib/gcc/arm-none-eabi/11.3.1/../../../../arm-none-eabi/lib/thumb/v7e-m+fp/hard/libc_nano.a(libc_a-findfp.o)
                              /Applications/STM32CubeIDE.app/Contents/Eclipse/plugins/com.st.stm32cube.ide.mcu.externaltools.gnu-tools-for-stm32.11.3.rel1.macos64_1.1.1.202309131626/tools/bin/../lib/gcc/arm-none-eabi/11.3.1/../../../../arm-none-eabi/lib/thumb/v7e-m+fp/hard/libc_nano.a(libc_a-exit.o) (__stdio_exit_handler)
/Applications/STM32CubeIDE.app/Contents/Eclipse/plugins/com.st.stm32cube.ide.mcu.externaltools.gnu-tools-for-stm32.11.3.rel1.macos64_1.1.1.202309131626/tools/bin/../lib/gcc/arm-none-eabi/11.3.1/../../../../arm-none-eabi/lib/thumb/v7e-m+fp/hard/libc_nano.a(libc_a-fwalk.o)
                              /Applications/STM32CubeIDE.app/Contents/Eclipse/plugins/com.st.stm32cube.ide.mcu.externaltools.gnu-tools-for-stm32.11.3.rel1.macos64_1.1.1.202309131626/tools/bin/../lib/gcc/arm-none-eabi/11.3.1/../../../../arm-none-eabi/lib/thumb/v7e-m+fp/hard/libc_nano.a(libc_a-findfp.o) (_fwalk_sglue)
/Applications/STM32CubeIDE.app/Contents/Eclipse/plugins/com.st.stm32cube.ide.mcu.externaltools.gnu-tools-for-stm32.11.3.rel1.macos64_1.1.1.202309131626/tools/bin/../lib/gcc/arm-none-eabi/11.3.1/../../../../arm-none-eabi/lib/thumb/v7e-m+fp/hard/libc_nano.a(libc_a-puts.o)
                              ./Core/Src/main.o (puts)
/Applications/STM32CubeIDE.app/Contents/Eclipse/plugins/com.st.stm32cube.ide.mcu.externaltools.gnu-tools-for-stm32.11.3.rel1.macos64_1.1.1.202309131626/tools/bin/../lib/gcc/arm-none-eabi/11.3.1/../../../../arm-none-eabi/lib/thumb/v7e-m+fp/hard/libc_nano.a(libc_a-memset.o)
                              /Applications/STM32CubeIDE.app/Contents/Eclipse/plugins/com.st.stm32cube.ide.mcu.externaltools.gnu-tools-for-stm32.11.3.rel1.macos64_1.1.1.202309131626/tools/bin/../lib/gcc/arm-none-eabi/11.3.1/../../../../arm-none-eabi/lib/thumb/v7e-m+fp/hard/crt0.o (memset)
/Applications/STM32CubeIDE.app/Contents/Eclipse/plugins/com.st.stm32cube.ide.mcu.externaltools.gnu-tools-for-stm32.11.3.rel1.macos64_1.1.1.202309131626/tools/bin/../lib/gcc/arm-none-eabi/11.3.1/../../../../arm-none-eabi/lib/thumb/v7e-m+fp/hard/libc_nano.a(libc_a-impure.o)
                              /Applications/STM32CubeIDE.app/Contents/Eclipse/plugins/com.st.stm32cube.ide.mcu.externaltools.gnu-tools-for-stm32.11.3.rel1.macos64_1.1.1.202309131626/tools/bin/../lib/gcc/arm-none-eabi/11.3.1/../../../../arm-none-eabi/lib/thumb/v7e-m+fp/hard/libc_nano.a(libc_a-puts.o) (_impure_ptr)
/Applications/STM32CubeIDE.app/Contents/Eclipse/plugins/com.st.stm32cube.ide.mcu.externaltools.gnu-tools-for-stm32.11.3.rel1.macos64_1.1.1.202309131626/tools/bin/../lib/gcc/arm-none-eabi/11.3.1/../../../../arm-none-eabi/lib/thumb/v7e-m+fp/hard/libc_nano.a(libc_a-errno.o)
                              ./Core/Src/syscalls.o (__errno)
/Applications/STM32CubeIDE.app/Contents/Eclipse/plugins/com.st.stm32cube.ide.mcu.externaltools.gnu-tools-for-stm32.11.3.rel1.macos64_1.1.1.202309131626/tools/bin/../lib/gcc/arm-none-eabi/11.3.1/../../../../arm-none-eabi/lib/thumb/v7e-m+fp/hard/libc_nano.a(libc_a-init.o)
                              /Applications/STM32CubeIDE.app/Contents/Eclipse/plugins/com.st.stm32cube.ide.mcu.externaltools.gnu-tools-for-stm32.11.3.rel1.macos64_1.1.1.202309131626/tools/bin/../lib/gcc/arm-none-eabi/11.3.1/../../../../arm-none-eabi/lib/thumb/v7e-m+fp/hard/crt0.o (__libc_init_array)
/Applications/STM32CubeIDE.app/Contents/Eclipse/plugins/com.st.stm32cube.ide.mcu.externaltools.gnu-tools-for-stm32.11.3.rel1.macos64_1.1.1.202309131626/tools/bin/../lib/gcc/arm-none-eabi/11.3.1/../../../../arm-none-eabi/lib/thumb/v7e-m+fp/hard/libc_nano.a(libc_a-lock.o)
                              /Applications/STM32CubeIDE.app/Contents/Eclipse/plugins/com.st.stm32cube.ide.mcu.externaltools.gnu-tools-for-stm32.11.3.rel1.macos64_1.1.1.202309131626/tools/bin/../lib/gcc/arm-none-eabi/11.3.1/../../../../arm-none-eabi/lib/thumb/v7e-m+fp/hard/libc_nano.a(libc_a-findfp.o) (__retarget_lock_init_recursive)
[...]
Memory Configuration

Name             Origin             Length             Attributes
RAM              0x0000000020000000 0x0000000000018000 xrw
RAM2             0x0000000010000000 0x0000000000008000 xrw
FLASH            0x0000000008000000 0x0000000000100000 xr
*default*        0x0000000000000000 0xffffffffffffffff

Linker script and memory map

LOAD /Applications/STM32CubeIDE.app/Contents/Eclipse/plugins/com.st.stm32cube.ide.mcu.externaltools.gnu-tools-for-stm32.11.3.rel1.macos64_1.1.1.202309131626/tools/bin/../lib/gcc/arm-none-eabi/11.3.1/thumb/v7e-m+fp/hard/crti.o
LOAD /Applications/STM32CubeIDE.app/Contents/Eclipse/plugins/com.st.stm32cube.ide.mcu.externaltools.gnu-tools-for-stm32.11.3.rel1.macos64_1.1.1.202309131626/tools/bin/../lib/gcc/arm-none-eabi/11.3.1/thumb/v7e-m+fp/hard/crtbegin.o
LOAD /Applications/STM32CubeIDE.app/Contents/Eclipse/plugins/com.st.stm32cube.ide.mcu.externaltools.gnu-tools-for-stm32.11.3.rel1.macos64_1.1.1.202309131626/tools/bin/../lib/gcc/arm-none-eabi/11.3.1/../../../../arm-none-eabi/lib/thumb/v7e-m+fp/hard/crt0.o
LOAD ./Core/Src/TrafficInputs.o
LOAD ./Core/Src/TrafficLogic.o
LOAD ./Core/Src/dma.o
LOAD ./Core/Src/freertos.o
LOAD ./Core/Src/gpio.o
LOAD ./Core/Src/hc595.o
LOAD ./Core/Src/main.o
LOAD ./Core/Src/spi.o
LOAD ./Core/Src/stm32l4xx_hal_msp.o
LOAD ./Core/Src/stm32l4xx_hal_timebase_tim.o
LOAD ./Core/Src/stm32l4xx_it.o
LOAD ./Core/Src/syscalls.o
LOAD ./Core/Src/sysmem.o
LOAD ./Core/Src/system_stm32l4xx.o
LOAD ./Core/Src/test.o
LOAD ./Core/Src/trafficLights.o
LOAD ./Core/Src/usart.o
LOAD ./Core/Startup/startup_stm32l476rgtx.o
LOAD ./Drivers/STM32L4xx_HAL_Driver/Src/stm32l4xx_hal.o
LOAD ./Drivers/STM32L4xx_HAL_Driver/Src/stm32l4xx_hal_cortex.o
LOAD ./Drivers/STM32L4xx_HAL_Driver/Src/stm32l4xx_hal_dma.o
LOAD ./Drivers/STM32L4xx_HAL_Driver/Src/stm32l4xx_hal_dma_ex.o
LOAD ./Drivers/STM32L4xx_HAL_Driver/Src/stm32l4xx_hal_exti.o
LOAD ./Drivers/STM32L4xx_HAL_Driver/Src/stm32l4xx_hal_flash.o
LOAD ./Drivers/STM32L4xx_HAL_Driver/Src/stm32l4xx_hal_flash_ex.o
LOAD ./Drivers/STM32L4xx_HAL_Driver/Src/stm32l4xx_hal_flash_ramfunc.o
LOAD ./Drivers/STM32L4xx_HAL_Driver/Src/stm32l4xx_hal_gpio.o
LOAD ./Drivers/STM32L4xx_HAL_Driver/Src/stm32l4xx_hal_pwr.o
LOAD ./Drivers/STM32L4xx_HAL_Driver/Src/stm32l4xx_hal_pwr_ex.o
LOAD ./Drivers/STM32L4xx_HAL_Driver/Src/stm32l4xx_hal_rcc.o
LOAD ./Drivers/STM32L4xx_HAL_Driver/Src/stm32l4xx_hal_rcc_ex.o
LOAD ./Drivers/STM32L4xx_HAL_Driver/Src/stm32l4xx_hal_spi.o
LOAD ./Drivers/STM32L4xx_HAL_Driver/Src/stm32l4xx_hal_spi_ex.o
LOAD ./Drivers/STM32L4xx_HAL_Driver/Src/stm32l4xx_hal_tim.o
LOAD ./Drivers/STM32L4xx_HAL_Driver/Src/stm32l4xx_hal_tim_ex.o
LOAD ./Drivers/STM32L4xx_HAL_Driver/Src/stm32l4xx_hal_uart.o
LOAD ./Drivers/STM32L4xx_HAL_Driver/Src/stm32l4xx_hal_uart_ex.o
LOAD ./Middlewares/Third_Party/FreeRTOS/Source/CMSIS_RTOS_V2/cmsis_os2.o
LOAD ./Middlewares/Third_Party/FreeRTOS/Source/croutine.o
LOAD ./Middlewares/Third_Party/FreeRTOS/Source/event_groups.o
LOAD ./Middlewares/Third_Party/FreeRTOS/Source/list.o
LOAD ./Middlewares/Third_Party/FreeRTOS/Source/queue.o
LOAD ./Middlewares/Third_Party/FreeRTOS/Source/stream_buffer.o
LOAD ./Middlewares/Third_Party/FreeRTOS/Source/tasks.o
LOAD ./Middlewares/Third_Party/FreeRTOS/Source/timers.o
LOAD ./Middlewares/Third_Party/FreeRTOS/Source/portable/GCC/ARM_CM4F/port.o
LOAD ./Middlewares/Third_Party/FreeRTOS/Source/portable/MemMang/heap_4.o
START GROUP
LOAD /Applications/STM32CubeIDE.app/Contents/Eclipse/plugins/com.st.stm32cube.ide.mcu.externaltools.gnu-tools-for-stm32.11.3.rel1.macos64_1.1.1.202309131626/tools/bin/../lib/gcc/arm-none-eabi/11.3.1/../../../../arm-none-eabi/lib/thumb/v7e-m+fp/hard/libc_nano.a
LOAD /Applications/STM32CubeIDE.app/Contents/Eclipse/plugins/com.st.stm32cube.ide.mcu.externaltools.gnu-tools-for-stm32.11.3.rel1.macos64_1.1.1.202309131626/tools/bin/../lib/gcc/arm-none-eabi/11.3.1/../../../../arm-none-eabi/lib/thumb/v7e-m+fp/hard/libm.a
END GROUP
START GROUP
LOAD /Applications/STM32CubeIDE.app/Contents/Eclipse/plugins/com.st.stm32cube.ide.mcu.externaltools.gnu-tools-for-stm32.11.3.rel1.macos64_1.1.1.202309131626/tools/bin/../lib/gcc/arm-none-eabi/11.3.1/thumb/v7e-m+fp/hard/libgcc.a
LOAD /Applications/STM32CubeIDE.app/Contents/Eclipse/plugins/com.st.stm32cube.ide.mcu.externaltools.gnu-tools-for-stm32.11.3.rel1.macos64_1.1.1.202309131626/tools/bin/../lib/gcc/arm-none-eabi/11.3.1/../../../../arm-none-eabi/lib/thumb/v7e-m+fp/hard/libc_nano.a
END GROUP
START GROUP
LOAD /Applications/STM32CubeIDE.app/Contents/Eclipse/plugins/com.st.stm32cube.ide.mcu.externaltools.gnu-tools-for-stm32.11.3.rel1.macos64_1.1.1.202309131626/tools/bin/../lib/gcc/arm-none-eabi/11.3.1/thumb/v7e-m+fp/hard/libgcc.a
LOAD /Applications/STM32CubeIDE.app/Contents/Eclipse/plugins/com.st.stm32cube.ide.mcu.externaltools.gnu-tools-for-stm32.11.3.rel1.macos64_1.1.1.202309131626/tools/bin/../lib/gcc/arm-none-eabi/11.3.1/../../../../arm-none-eabi/lib/thumb/v7e-m+fp/hard/libc_nano.a
LOAD /Applications/STM32CubeIDE.app/Contents/Eclipse/plugins/com.st.stm32cube.ide.mcu.externaltools.gnu-tools-for-stm32.11.3.rel1.macos64_1.1.1.202309131626/tools/bin/../lib/gcc/arm-none-eabi/11.3.1/../../../../arm-none-eabi/lib/thumb/v7e-m+fp/hard/libnosys.a
END GROUP
START GROUP
LOAD /Applications/STM32CubeIDE.app/Contents/Eclipse/plugins/com.st.stm32cube.ide.mcu.externaltools.gnu-tools-for-stm32.11.3.rel1.macos64_1.1.1.202309131626/tools/bin/../lib/gcc/arm-none-eabi/11.3.1/thumb/v7e-m+fp/hard/libgcc.a
LOAD /Applications/STM32CubeIDE.app/Contents/Eclipse/plugins/com.st.stm32cube.ide.mcu.externaltools.gnu-tools-for-stm32.11.3.rel1.macos64_1.1.1.202309131626/tools/bin/../lib/gcc/arm-none-eabi/11.3.1/../../../../arm-none-eabi/lib/thumb/v7e-m+fp/hard/libc_nano.a
LOAD /Applications/STM32CubeIDE.app/Contents/Eclipse/plugins/com.st.stm32cube.ide.mcu.externaltools.gnu-tools-for-stm32.11.3.rel1.macos64_1.1.1.202309131626/tools/bin/../lib/gcc/arm-none-eabi/11.3.1/../../../../arm-none-eabi/lib/thumb/v7e-m+fp/hard/libnosys.a
END GROUP
LOAD /Applications/STM32CubeIDE.app/Contents/Eclipse/plugins/com.st.stm32cube.ide.mcu.externaltools.gnu-tools-for-stm32.11.3.rel1.macos64_1.1.1.202309131626/tools/bin/../lib/gcc/arm-none-eabi/11.3.1/thumb/v7e-m+fp/hard/crtend.o
LOAD /Applications/STM32CubeIDE.app/Contents/Eclipse/plugins/com.st.stm32cube.ide.mcu.externaltools.gnu-tools-for-stm32.11.3.rel1.macos64_1.1.1.202309131626/tools/bin/../lib/gcc/arm-none-eabi/11.3.1/thumb/v7e-m+fp/hard/crtn.o
                0x0000000020018000                _estack = (ORIGIN (RAM) + LENGTH (RAM))
                0x0000000000000200                _Min_Heap_Size = 0x200
                0x0000000000000400                _Min_Stack_Size = 0x400

.isr_vector     0x0000000008000000      0x188
                0x0000000008000000                . = ALIGN (0x4)
 *(.isr_vector)
 .isr_vector    0x0000000008000000      0x188 ./Core/Startup/startup_stm32l476rgtx.o
                0x0000000008000000                g_pfnVectors
                0x0000000008000188                . = ALIGN (0x4)

.text           0x0000000008000190     0x9c78
                0x0000000008000190                . = ALIGN (0x4)
 *(.text)
 .text          0x0000000008000190       0x40 /Applications/STM32CubeIDE.app/Contents/Eclipse/plugins/com.st.stm32cube.ide.mcu.externaltools.gnu-tools-for-stm32.11.3.rel1.macos64_1.1.1.202309131626/tools/bin/../lib/gcc/arm-none-eabi/11.3.1/thumb/v7e-m+fp/hard/crtbegin.o
 .text          0x00000000080001d0       0x30 /Applications/STM32CubeIDE.app/Contents/Eclipse/plugins/com.st.stm32cube.ide.mcu.externaltools.gnu-tools-for-stm32.11.3.rel1.macos64_1.1.1.202309131626/tools/bin/../lib/gcc/arm-none-eabi/11.3.1/thumb/v7e-m+fp/hard/libgcc.a(_aeabi_uldivmod.o)
                0x00000000080001d0                __aeabi_uldivmod
 .text          0x0000000008000200      0x2c8 /Applications/STM32CubeIDE.app/Contents/Eclipse/plugins/com.st.stm32cube.ide.mcu.externaltools.gnu-tools-for-stm32.11.3.rel1.macos64_1.1.1.202309131626/tools/bin/../lib/gcc/arm-none-eabi/11.3.1/thumb/v7e-m+fp/hard/libgcc.a(_udivmoddi4.o)
                0x0000000008000200                __udivmoddi4
 .text          0x00000000080004c8        0x4 /Applications/STM32CubeIDE.app/Contents/Eclipse/plugins/com.st.stm32cube.ide.mcu.externaltools.gnu-tools-for-stm32.11.3.rel1.macos64_1.1.1.202309131626/tools/bin/../lib/gcc/arm-none-eabi/11.3.1/thumb/v7e-m+fp/hard/libgcc.a(_dvmd_tls.o)
                0x00000000080004c8                __aeabi_ldiv0
                0x00000000080004c8                __aeabi_idiv0
 *(.text*)
 .text.init_TrafficInputs
                0x00000000080004cc        0xc ./Core/Src/TrafficInputs.o
                0x00000000080004cc                init_TrafficInputs
 .text.trafficInputs_Update
                0x00000000080004d8       0xb0 ./Core/Src/TrafficInputs.o
                0x00000000080004d8                trafficInputs_Update
 .text.getInputState
                0x0000000008000588       0x24 ./Core/Src/TrafficInputs.o
                0x0000000008000588                getInputState
 .text.initTrafficLogic
                0x00000000080005ac       0x5c ./Core/Src/TrafficLogic.o
                0x00000000080005ac                initTrafficLogic
 .text.TrafficCrossing
                0x0000000008000608       0x54 ./Core/Src/TrafficLogic.o
                0x0000000008000608                TrafficCrossing
 .text.getTrafficAction
                0x000000000800065c       0x14 ./Core/Src/TrafficLogic.o
                0x000000000800065c                getTrafficAction
 .text.ActivateNextState
                0x0000000008000670       0x40 ./Core/Src/TrafficLogic.o
                0x0000000008000670                ActivateNextState
 .text.OneLane  0x00000000080006b0      0x220 ./Core/Src/TrafficLogic.o
                0x00000000080006b0                OneLane
 .text.TwoLane  0x00000000080008d0      0x3cc ./Core/Src/TrafficLogic.o
                0x00000000080008d0                TwoLane
 .text.TwoLanePed
                0x0000000008000c9c      0x7d4 ./Core/Src/TrafficLogic.o
                0x0000000008000c9c                TwoLanePed
 .text.NoCarV   0x0000000008001470       0x36 ./Core/Src/TrafficLogic.o
                0x0000000008001470                NoCarV
 .text.NoCarH   0x00000000080014a6       0x36 ./Core/Src/TrafficLogic.o
                0x00000000080014a6                NoCarH
 .text.MX_DMA_Init
                0x00000000080014dc       0x3c ./Core/Src/dma.o
                0x00000000080014dc                MX_DMA_Init
 .text.MX_FREERTOS_Init
                0x0000000008001518       0xc4 ./Core/Src/freertos.o
                0x0000000008001518                MX_FREERTOS_Init
 .text.StartDefaultTask
                0x00000000080015dc       0x10 ./Core/Src/freertos.o
                0x00000000080015dc                StartDefaultTask
 .text.BlueLight
                0x00000000080015ec       0x58 ./Core/Src/freertos.o
                0x00000000080015ec                BlueLight
 .text.inputOutput
                0x0000000008001644       0xbc ./Core/Src/freertos.o
                0x0000000008001644                inputOutput
 .text.updateState
                0x0000000008001700       0xb8 ./Core/Src/freertos.o
                0x0000000008001700                updateState
 .text.DelayCallback
                0x00000000080017b8       0x14 ./Core/Src/freertos.o
                0x00000000080017b8                DelayCallback
 .text.MX_GPIO_Init
                0x00000000080017cc      0x174 ./Core/Src/gpio.o
                0x00000000080017cc                MX_GPIO_Init
 .text.hc595_init
                0x0000000008001940       0x38 ./Core/Src/hc595.o
                0x0000000008001940                hc595_init
 .text.hc595_update
                0x0000000008001978       0x24 ./Core/Src/hc595.o
                0x0000000008001978                hc595_update
 .text.HAL_SPI_TxCpltCallback
                0x000000000800199c       0x3c ./Core/Src/hc595.o
                0x000000000800199c                HAL_SPI_TxCpltCallback
 .text.__io_putchar
                0x00000000080019d8       0x24 ./Core/Src/main.o
                0x00000000080019d8                __io_putchar
 .text.main     0x00000000080019fc       0x44 ./Core/Src/main.o
                0x00000000080019fc                main
 .text.SystemClock_Config
                0x0000000008001a40       0xa2 ./Core/Src/main.o
                0x0000000008001a40                SystemClock_Config
 *fill*         0x0000000008001ae2        0x2 
 .text.HAL_TIM_PeriodElapsedCallback
                0x0000000008001ae4       0x24 ./Core/Src/main.o
                0x0000000008001ae4                HAL_TIM_PeriodElapsedCallback
 .text.Error_Handler
                0x0000000008001b08        0xa ./Core/Src/main.o
                0x0000000008001b08                Error_Handler
 *fill*         0x0000000008001b12        0x2 
 .text.MX_SPI3_Init
                0x0000000008001b14       0x7c ./Core/Src/spi.o
                0x0000000008001b14                MX_SPI3_Init
 .text.HAL_SPI_MspInit
                0x0000000008001b90      0x120 ./Core/Src/spi.o
                0x0000000008001b90                HAL_SPI_MspInit
 .text.HAL_MspInit
                0x0000000008001cb0       0x50 ./Core/Src/stm32l4xx_hal_msp.o
                0x0000000008001cb0                HAL_MspInit
 .text.HAL_InitTick
                0x0000000008001d00       0xdc ./Core/Src/stm32l4xx_hal_timebase_tim.o
                0x0000000008001d00                HAL_InitTick
 .text.NMI_Handler
                0x0000000008001ddc        0x6 ./Core/Src/stm32l4xx_it.o
                0x0000000008001ddc                NMI_Handler
 .text.HardFault_Handler
                0x0000000008001de2        0x6 ./Core/Src/stm32l4xx_it.o
                0x0000000008001de2                HardFault_Handler
 .text.MemManage_Handler
                0x0000000008001de8        0x6 ./Core/Src/stm32l4xx_it.o
                0x0000000008001de8                MemManage_Handler
 .text.BusFault_Handler
                0x0000000008001dee        0x6 ./Core/Src/stm32l4xx_it.o
                0x0000000008001dee                BusFault_Handler
 .text.UsageFault_Handler
                0x0000000008001df4        0x6 ./Core/Src/stm32l4xx_it.o
                0x0000000008001df4                UsageFault_Handler
 .text.DebugMon_Handler
                0x0000000008001dfa        0xe ./Core/Src/stm32l4xx_it.o
                0x0000000008001dfa                DebugMon_Handler
 .text.TIM1_UP_TIM16_IRQHandler
                0x0000000008001e08       0x14 ./Core/Src/stm32l4xx_it.o
                0x0000000008001e08                TIM1_UP_TIM16_IRQHandler
 .text.DMA2_Channel2_IRQHandler
                0x0000000008001e1c       0x14 ./Core/Src/stm32l4xx_it.o
                0x0000000008001e1c                DMA2_Channel2_IRQHandler
 .text._read    0x0000000008001e30       0x3a ./Core/Src/syscalls.o
                0x0000000008001e30                _read
 .text._write   0x0000000008001e6a       0x38 ./Core/Src/syscalls.o
                0x0000000008001e6a                _write
 .text._close   0x0000000008001ea2       0x18 ./Core/Src/syscalls.o
                0x0000000008001ea2                _close
 .text._fstat   0x0000000008001eba       0x20 ./Core/Src/syscalls.o
                0x0000000008001eba                _fstat
 .text._isatty  0x0000000008001eda       0x16 ./Core/Src/syscalls.o
                0x0000000008001eda                _isatty
 .text._lseek   0x0000000008001ef0       0x1a ./Core/Src/syscalls.o
                0x0000000008001ef0                _lseek
 *fill*         0x0000000008001f0a        0x2 
 .text._sbrk    0x0000000008001f0c       0x6c ./Core/Src/sysmem.o
                0x0000000008001f0c                _sbrk
 .text.SystemInit
                0x0000000008001f78       0x24 ./Core/Src/system_stm32l4xx.o
                0x0000000008001f78                SystemInit
 .text.initTrafficLights
                0x0000000008001f9c       0x44 ./Core/Src/trafficLights.o
                0x0000000008001f9c                initTrafficLights
 .text.setLight
                0x0000000008001fe0       0x98 ./Core/Src/trafficLights.o
                0x0000000008001fe0                setLight
 .text.ControlLight
                0x0000000008002078       0x2c ./Core/Src/trafficLights.o
                0x0000000008002078                ControlLight
 .text.updateLights
                0x00000000080020a4       0x24 ./Core/Src/trafficLights.o
                0x00000000080020a4                updateLights
 .text.toggleBlueLeft
                0x00000000080020c8       0x2c ./Core/Src/trafficLights.o
                0x00000000080020c8                toggleBlueLeft
 .text.toggleBlueTop
                0x00000000080020f4       0x2c ./Core/Src/trafficLights.o
                0x00000000080020f4                toggleBlueTop
 .text.MX_USART2_UART_Init
                0x0000000008002120       0x60 ./Core/Src/usart.o
                0x0000000008002120                MX_USART2_UART_Init
 .text.HAL_UART_MspInit
                0x0000000008002180       0xb8 ./Core/Src/usart.o
                0x0000000008002180                HAL_UART_MspInit
 .text.Reset_Handler
                0x0000000008002238       0x50 ./Core/Startup/startup_stm32l476rgtx.o
                0x0000000008002238                Reset_Handler
 .text.Default_Handler
                0x0000000008002288        0x2 ./Core/Startup/startup_stm32l476rgtx.o
                0x0000000008002288                TIM1_BRK_TIM15_IRQHandler
                0x0000000008002288                EXTI2_IRQHandler
                0x0000000008002288                TIM8_TRG_COM_IRQHandler
                0x0000000008002288                TIM8_CC_IRQHandler
                0x0000000008002288                TIM1_CC_IRQHandler
                0x0000000008002288                TSC_IRQHandler
                0x0000000008002288                TAMP_STAMP_IRQHandler
                0x0000000008002288                EXTI3_IRQHandler
                0x0000000008002288                LPTIM2_IRQHandler
                0x0000000008002288                DFSDM1_FLT1_IRQHandler
                0x0000000008002288                I2C3_ER_IRQHandler
                0x0000000008002288                DFSDM1_FLT2_IRQHandler
                0x0000000008002288                EXTI0_IRQHandler
                0x0000000008002288                I2C2_EV_IRQHandler
                0x0000000008002288                CAN1_RX0_IRQHandler
                0x0000000008002288                FPU_IRQHandler
                0x0000000008002288                ADC1_2_IRQHandler
                0x0000000008002288                SPI1_IRQHandler
                0x0000000008002288                TIM6_DAC_IRQHandler
                0x0000000008002288                TIM8_UP_IRQHandler
                0x0000000008002288                DMA1_Channel4_IRQHandler
                0x0000000008002288                SAI2_IRQHandler
                0x0000000008002288                DFSDM1_FLT3_IRQHandler
                0x0000000008002288                USART3_IRQHandler
                0x0000000008002288                DMA1_Channel7_IRQHandler
                0x0000000008002288                CAN1_RX1_IRQHandler
                0x0000000008002288                LCD_IRQHandler
                0x0000000008002288                UART5_IRQHandler
                0x0000000008002288                ADC3_IRQHandler
                0x0000000008002288                TIM4_IRQHandler
                0x0000000008002288                DMA2_Channel1_IRQHandler
                0x0000000008002288                QUADSPI_IRQHandler
                0x0000000008002288                I2C1_EV_IRQHandler
                0x0000000008002288                DMA1_Channel6_IRQHandler
                0x0000000008002288                UART4_IRQHandler
                0x0000000008002288                DMA2_Channel4_IRQHandler
                0x0000000008002288                TIM3_IRQHandler
                0x0000000008002288                RCC_IRQHandler
                0x0000000008002288                DMA1_Channel1_IRQHandler
                0x0000000008002288                Default_Handler
                0x0000000008002288                DMA2_Channel7_IRQHandler
                0x0000000008002288                EXTI15_10_IRQHandler
                0x0000000008002288                TIM7_IRQHandler
                0x0000000008002288                SDMMC1_IRQHandler
                0x0000000008002288                TIM5_IRQHandler
                0x0000000008002288                I2C3_EV_IRQHandler
                0x0000000008002288                EXTI9_5_IRQHandler
                0x0000000008002288                RTC_WKUP_IRQHandler
                0x0000000008002288                PVD_PVM_IRQHandler
                0x0000000008002288                SPI2_IRQHandler
                0x0000000008002288                CAN1_TX_IRQHandler
                0x0000000008002288                DMA2_Channel5_IRQHandler
                0x0000000008002288                DMA1_Channel5_IRQHandler
                0x0000000008002288                EXTI4_IRQHandler
                0x0000000008002288                RNG_IRQHandler
                0x0000000008002288                TIM1_TRG_COM_TIM17_IRQHandler
                0x0000000008002288                DMA1_Channel3_IRQHandler
                0x0000000008002288                COMP_IRQHandler
                0x0000000008002288                WWDG_IRQHandler
                0x0000000008002288                LPUART1_IRQHandler
                0x0000000008002288                DMA2_Channel6_IRQHandler
                0x0000000008002288                TIM2_IRQHandler
                0x0000000008002288                EXTI1_IRQHandler
                0x0000000008002288                USART2_IRQHandler
                0x0000000008002288                DFSDM1_FLT0_IRQHandler
                0x0000000008002288                I2C2_ER_IRQHandler
                0x0000000008002288                DMA1_Channel2_IRQHandler
                0x0000000008002288                TIM8_BRK_IRQHandler
                0x0000000008002288                CAN1_SCE_IRQHandler
                0x0000000008002288                FLASH_IRQHandler
                0x0000000008002288                USART1_IRQHandler
                0x0000000008002288                OTG_FS_IRQHandler
                0x0000000008002288                SPI3_IRQHandler
                0x0000000008002288                I2C1_ER_IRQHandler
                0x0000000008002288                FMC_IRQHandler
                0x0000000008002288                SWPMI1_IRQHandler
                0x0000000008002288                LPTIM1_IRQHandler
                0x0000000008002288                SAI1_IRQHandler
                0x0000000008002288                DMA2_Channel3_IRQHandler
                0x0000000008002288                RTC_Alarm_IRQHandler
 *fill*         0x000000000800228a        0x2 
 .text.HAL_Init
                0x000000000800228c       0x40 ./Drivers/STM32L4xx_HAL_Driver/Src/stm32l4xx_hal.o
                0x000000000800228c                HAL_Init
 .text.HAL_IncTick
                0x00000000080022cc       0x28 ./Drivers/STM32L4xx_HAL_Driver/Src/stm32l4xx_hal.o
                0x00000000080022cc                HAL_IncTick
 .text.HAL_GetTick
                0x00000000080022f4       0x18 ./Drivers/STM32L4xx_HAL_Driver/Src/stm32l4xx_hal.o
                0x00000000080022f4                HAL_GetTick
 .text.__NVIC_SetPriorityGrouping
                0x000000000800230c       0x48 ./Drivers/STM32L4xx_HAL_Driver/Src/stm32l4xx_hal_cortex.o
 .text.__NVIC_GetPriorityGrouping
                0x0000000008002354       0x1c ./Drivers/STM32L4xx_HAL_Driver/Src/stm32l4xx_hal_cortex.o
 .text.__NVIC_EnableIRQ
                0x0000000008002370       0x3c ./Drivers/STM32L4xx_HAL_Driver/Src/stm32l4xx_hal_cortex.o
 .text.__NVIC_SetPriority
                0x00000000080023ac       0x54 ./Drivers/STM32L4xx_HAL_Driver/Src/stm32l4xx_hal_cortex.o
 .text.NVIC_EncodePriority
                0x0000000008002400       0x66 ./Drivers/STM32L4xx_HAL_Driver/Src/stm32l4xx_hal_cortex.o
 .text.HAL_NVIC_SetPriorityGrouping
                0x0000000008002466       0x16 ./Drivers/STM32L4xx_HAL_Driver/Src/stm32l4xx_hal_cortex.o
                0x0000000008002466                HAL_NVIC_SetPriorityGrouping
 .text.HAL_NVIC_SetPriority
                0x000000000800247c       0x38 ./Drivers/STM32L4xx_HAL_Driver/Src/stm32l4xx_hal_cortex.o
                0x000000000800247c                HAL_NVIC_SetPriority
 .text.HAL_NVIC_EnableIRQ
                0x00000000080024b4       0x1c ./Drivers/STM32L4xx_HAL_Driver/Src/stm32l4xx_hal_cortex.o
                0x00000000080024b4                HAL_NVIC_EnableIRQ
 .text.HAL_DMA_Init
                0x00000000080024d0      0x170 ./Drivers/STM32L4xx_HAL_Driver/Src/stm32l4xx_hal_dma.o
                0x00000000080024d0                HAL_DMA_Init
 .text.HAL_DMA_Start_IT
                0x0000000008002640       0xc0 ./Drivers/STM32L4xx_HAL_Driver/Src/stm32l4xx_hal_dma.o
                0x0000000008002640                HAL_DMA_Start_IT
 .text.HAL_DMA_IRQHandler
                0x0000000008002700      0x15e ./Drivers/STM32L4xx_HAL_Driver/Src/stm32l4xx_hal_dma.o
                0x0000000008002700                HAL_DMA_IRQHandler
 .text.DMA_SetConfig
                0x000000000800285e       0x60 ./Drivers/STM32L4xx_HAL_Driver/Src/stm32l4xx_hal_dma.o
 *fill*         0x00000000080028be        0x2 
 .text.HAL_GPIO_Init
                0x00000000080028c0      0x354 ./Drivers/STM32L4xx_HAL_Driver/Src/stm32l4xx_hal_gpio.o
                0x00000000080028c0                HAL_GPIO_Init
 .text.HAL_GPIO_ReadPin
                0x0000000008002c14       0x30 ./Drivers/STM32L4xx_HAL_Driver/Src/stm32l4xx_hal_gpio.o
                0x0000000008002c14                HAL_GPIO_ReadPin
 .text.HAL_GPIO_WritePin
                0x0000000008002c44       0x30 ./Drivers/STM32L4xx_HAL_Driver/Src/stm32l4xx_hal_gpio.o
                0x0000000008002c44                HAL_GPIO_WritePin
 .text.HAL_PWREx_GetVoltageRange
                0x0000000008002c74       0x1c ./Drivers/STM32L4xx_HAL_Driver/Src/stm32l4xx_hal_pwr_ex.o
                0x0000000008002c74                HAL_PWREx_GetVoltageRange
 .text.HAL_PWREx_ControlVoltageScaling
                0x0000000008002c90       0xac ./Drivers/STM32L4xx_HAL_Driver/Src/stm32l4xx_hal_pwr_ex.o
                0x0000000008002c90                HAL_PWREx_ControlVoltageScaling
 .text.HAL_RCC_OscConfig
                0x0000000008002d3c      0x7b8 ./Drivers/STM32L4xx_HAL_Driver/Src/stm32l4xx_hal_rcc.o
                0x0000000008002d3c                HAL_RCC_OscConfig
 .text.HAL_RCC_ClockConfig
                0x00000000080034f4      0x200 ./Drivers/STM32L4xx_HAL_Driver/Src/stm32l4xx_hal_rcc.o
                0x00000000080034f4                HAL_RCC_ClockConfig
 .text.HAL_RCC_GetSysClockFreq
                0x00000000080036f4      0x118 ./Drivers/STM32L4xx_HAL_Driver/Src/stm32l4xx_hal_rcc.o
                0x00000000080036f4                HAL_RCC_GetSysClockFreq
 .text.HAL_RCC_GetHCLKFreq
                0x000000000800380c       0x18 ./Drivers/STM32L4xx_HAL_Driver/Src/stm32l4xx_hal_rcc.o
                0x000000000800380c                HAL_RCC_GetHCLKFreq
 .text.HAL_RCC_GetPCLK1Freq
                0x0000000008003824       0x2c ./Drivers/STM32L4xx_HAL_Driver/Src/stm32l4xx_hal_rcc.o
                0x0000000008003824                HAL_RCC_GetPCLK1Freq
 .text.HAL_RCC_GetPCLK2Freq
                0x0000000008003850       0x2c ./Drivers/STM32L4xx_HAL_Driver/Src/stm32l4xx_hal_rcc.o
                0x0000000008003850                HAL_RCC_GetPCLK2Freq
 .text.HAL_RCC_GetClockConfig
                0x000000000800387c       0x64 ./Drivers/STM32L4xx_HAL_Driver/Src/stm32l4xx_hal_rcc.o
                0x000000000800387c                HAL_RCC_GetClockConfig
 .text.RCC_SetFlashLatencyFromMSIRange
                0x00000000080038e0       0xc0 ./Drivers/STM32L4xx_HAL_Driver/Src/stm32l4xx_hal_rcc.o
 .text.HAL_RCCEx_PeriphCLKConfig
                0x00000000080039a0      0x5d4 ./Drivers/STM32L4xx_HAL_Driver/Src/stm32l4xx_hal_rcc_ex.o
                0x00000000080039a0                HAL_RCCEx_PeriphCLKConfig
 .text.RCCEx_PLLSAI1_Config
                0x0000000008003f74      0x1e8 ./Drivers/STM32L4xx_HAL_Driver/Src/stm32l4xx_hal_rcc_ex.o
 .text.RCCEx_PLLSAI2_Config
                0x000000000800415c      0x1bc ./Drivers/STM32L4xx_HAL_Driver/Src/stm32l4xx_hal_rcc_ex.o
 .text.HAL_SPI_Init
                0x0000000008004318      0x146 ./Drivers/STM32L4xx_HAL_Driver/Src/stm32l4xx_hal_spi.o
                0x0000000008004318                HAL_SPI_Init
 *fill*         0x000000000800445e        0x2 
 .text.HAL_SPI_Transmit_DMA
                0x0000000008004460      0x1e0 ./Drivers/STM32L4xx_HAL_Driver/Src/stm32l4xx_hal_spi.o
                0x0000000008004460                HAL_SPI_Transmit_DMA
 .text.HAL_SPI_TxHalfCpltCallback
                0x0000000008004640       0x14 ./Drivers/STM32L4xx_HAL_Driver/Src/stm32l4xx_hal_spi.o
                0x0000000008004640                HAL_SPI_TxHalfCpltCallback
 .text.HAL_SPI_ErrorCallback
                0x0000000008004654       0x14 ./Drivers/STM32L4xx_HAL_Driver/Src/stm32l4xx_hal_spi.o
                0x0000000008004654                HAL_SPI_ErrorCallback
 .text.SPI_DMATransmitCplt
                0x0000000008004668       0xa6 ./Drivers/STM32L4xx_HAL_Driver/Src/stm32l4xx_hal_spi.o
 .text.SPI_DMAHalfTransmitCplt
                0x000000000800470e       0x1c ./Drivers/STM32L4xx_HAL_Driver/Src/stm32l4xx_hal_spi.o
 .text.SPI_DMAError
                0x000000000800472a       0x40 ./Drivers/STM32L4xx_HAL_Driver/Src/stm32l4xx_hal_spi.o
 *fill*         0x000000000800476a        0x2 
 .text.SPI_WaitFlagStateUntilTimeout
                0x000000000800476c      0x110 ./Drivers/STM32L4xx_HAL_Driver/Src/stm32l4xx_hal_spi.o
 .text.SPI_WaitFifoStateUntilTimeout
                0x000000000800487c      0x12c ./Drivers/STM32L4xx_HAL_Driver/Src/stm32l4xx_hal_spi.o
 .text.SPI_EndRxTxTransaction
                0x00000000080049a8       0x8c ./Drivers/STM32L4xx_HAL_Driver/Src/stm32l4xx_hal_spi.o
 .text.HAL_TIM_Base_Init
                0x0000000008004a34       0xae ./Drivers/STM32L4xx_HAL_Driver/Src/stm32l4xx_hal_tim.o
                0x0000000008004a34                HAL_TIM_Base_Init
 .text.HAL_TIM_Base_MspInit
                0x0000000008004ae2       0x14 ./Drivers/STM32L4xx_HAL_Driver/Src/stm32l4xx_hal_tim.o
                0x0000000008004ae2                HAL_TIM_Base_MspInit
 *fill*         0x0000000008004af6        0x2 
 .text.HAL_TIM_Base_Start_IT
                0x0000000008004af8       0xe0 ./Drivers/STM32L4xx_HAL_Driver/Src/stm32l4xx_hal_tim.o
                0x0000000008004af8                HAL_TIM_Base_Start_IT
 .text.HAL_TIM_IRQHandler
                0x0000000008004bd8      0x204 ./Drivers/STM32L4xx_HAL_Driver/Src/stm32l4xx_hal_tim.o
                0x0000000008004bd8                HAL_TIM_IRQHandler
 .text.HAL_TIM_OC_DelayElapsedCallback
                0x0000000008004ddc       0x14 ./Drivers/STM32L4xx_HAL_Driver/Src/stm32l4xx_hal_tim.o
                0x0000000008004ddc                HAL_TIM_OC_DelayElapsedCallback
 .text.HAL_TIM_IC_CaptureCallback
                0x0000000008004df0       0x14 ./Drivers/STM32L4xx_HAL_Driver/Src/stm32l4xx_hal_tim.o
                0x0000000008004df0                HAL_TIM_IC_CaptureCallback
 .text.HAL_TIM_PWM_PulseFinishedCallback
                0x0000000008004e04       0x14 ./Drivers/STM32L4xx_HAL_Driver/Src/stm32l4xx_hal_tim.o
                0x0000000008004e04                HAL_TIM_PWM_PulseFinishedCallback
 .text.HAL_TIM_TriggerCallback
                0x0000000008004e18       0x14 ./Drivers/STM32L4xx_HAL_Driver/Src/stm32l4xx_hal_tim.o
                0x0000000008004e18                HAL_TIM_TriggerCallback
 .text.TIM_Base_SetConfig
                0x0000000008004e2c      0x134 ./Drivers/STM32L4xx_HAL_Driver/Src/stm32l4xx_hal_tim.o
                0x0000000008004e2c                TIM_Base_SetConfig
 .text.HAL_TIMEx_CommutCallback
                0x0000000008004f60       0x14 ./Drivers/STM32L4xx_HAL_Driver/Src/stm32l4xx_hal_tim_ex.o
                0x0000000008004f60                HAL_TIMEx_CommutCallback
 .text.HAL_TIMEx_BreakCallback
                0x0000000008004f74       0x14 ./Drivers/STM32L4xx_HAL_Driver/Src/stm32l4xx_hal_tim_ex.o
                0x0000000008004f74                HAL_TIMEx_BreakCallback
 .text.HAL_TIMEx_Break2Callback
                0x0000000008004f88       0x14 ./Drivers/STM32L4xx_HAL_Driver/Src/stm32l4xx_hal_tim_ex.o
                0x0000000008004f88                HAL_TIMEx_Break2Callback
 .text.HAL_UART_Init
                0x0000000008004f9c       0x9c ./Drivers/STM32L4xx_HAL_Driver/Src/stm32l4xx_hal_uart.o
                0x0000000008004f9c                HAL_UART_Init
 .text.HAL_UART_Transmit
                0x0000000008005038      0x114 ./Drivers/STM32L4xx_HAL_Driver/Src/stm32l4xx_hal_uart.o
                0x0000000008005038                HAL_UART_Transmit
 .text.UART_SetConfig
                0x000000000800514c      0x570 ./Drivers/STM32L4xx_HAL_Driver/Src/stm32l4xx_hal_uart.o
                0x000000000800514c                UART_SetConfig
 .text.UART_AdvFeatureConfig
                0x00000000080056bc      0x144 ./Drivers/STM32L4xx_HAL_Driver/Src/stm32l4xx_hal_uart.o
                0x00000000080056bc                UART_AdvFeatureConfig
 .text.UART_CheckIdleState
                0x0000000008005800      0x150 ./Drivers/STM32L4xx_HAL_Driver/Src/stm32l4xx_hal_uart.o
                0x0000000008005800                UART_CheckIdleState
 .text.UART_WaitOnFlagUntilTimeout
                0x0000000008005950       0xce ./Drivers/STM32L4xx_HAL_Driver/Src/stm32l4xx_hal_uart.o
                0x0000000008005950                UART_WaitOnFlagUntilTimeout
 .text.UART_EndRxTransfer
                0x0000000008005a1e       0xc8 ./Drivers/STM32L4xx_HAL_Driver/Src/stm32l4xx_hal_uart.o
 *fill*         0x0000000008005ae6        0x2 
 .text.__NVIC_SetPriority
                0x0000000008005ae8       0x54 ./Middlewares/Third_Party/FreeRTOS/Source/CMSIS_RTOS_V2/cmsis_os2.o
 .text.SysTick_Handler
                0x0000000008005b3c       0x20 ./Middlewares/Third_Party/FreeRTOS/Source/CMSIS_RTOS_V2/cmsis_os2.o
                0x0000000008005b3c                SysTick_Handler
 .text.SVC_Setup
                0x0000000008005b5c       0x12 ./Middlewares/Third_Party/FreeRTOS/Source/CMSIS_RTOS_V2/cmsis_os2.o
 *fill*         0x0000000008005b6e        0x2 
 .text.osKernelInitialize
                0x0000000008005b70       0x48 ./Middlewares/Third_Party/FreeRTOS/Source/CMSIS_RTOS_V2/cmsis_os2.o
                0x0000000008005b70                osKernelInitialize
 .text.osKernelStart
                0x0000000008005bb8       0x4c ./Middlewares/Third_Party/FreeRTOS/Source/CMSIS_RTOS_V2/cmsis_os2.o
                0x0000000008005bb8                osKernelStart
 .text.osThreadNew
                0x0000000008005c04      0x124 ./Middlewares/Third_Party/FreeRTOS/Source/CMSIS_RTOS_V2/cmsis_os2.o
                0x0000000008005c04                osThreadNew
 .text.osDelay  0x0000000008005d28       0x36 ./Middlewares/Third_Party/FreeRTOS/Source/CMSIS_RTOS_V2/cmsis_os2.o
                0x0000000008005d28                osDelay
 .text.TimerCallback
                0x0000000008005d5e       0x2a ./Middlewares/Third_Party/FreeRTOS/Source/CMSIS_RTOS_V2/cmsis_os2.o
 .text.osTimerNew
                0x0000000008005d88       0xf8 ./Middlewares/Third_Party/FreeRTOS/Source/CMSIS_RTOS_V2/cmsis_os2.o
                0x0000000008005d88                osTimerNew
 .text.osTimerStart
                0x0000000008005e80       0x5c ./Middlewares/Third_Party/FreeRTOS/Source/CMSIS_RTOS_V2/cmsis_os2.o
                0x0000000008005e80                osTimerStart
 .text.osSemaphoreNew
                0x0000000008005edc      0x112 ./Middlewares/Third_Party/FreeRTOS/Source/CMSIS_RTOS_V2/cmsis_os2.o
                0x0000000008005edc                osSemaphoreNew
 *fill*         0x0000000008005fee        0x2 
 .text.osSemaphoreAcquire
                0x0000000008005ff0       0xa4 ./Middlewares/Third_Party/FreeRTOS/Source/CMSIS_RTOS_V2/cmsis_os2.o
                0x0000000008005ff0                osSemaphoreAcquire
 .text.osSemaphoreRelease
                0x0000000008006094       0x88 ./Middlewares/Third_Party/FreeRTOS/Source/CMSIS_RTOS_V2/cmsis_os2.o
                0x0000000008006094                osSemaphoreRelease
 .text.vApplicationGetIdleTaskMemory
                0x000000000800611c       0x34 ./Middlewares/Third_Party/FreeRTOS/Source/CMSIS_RTOS_V2/cmsis_os2.o
                0x000000000800611c                vApplicationGetIdleTaskMemory
 .text.vApplicationGetTimerTaskMemory
                0x0000000008006150       0x34 ./Middlewares/Third_Party/FreeRTOS/Source/CMSIS_RTOS_V2/cmsis_os2.o
                0x0000000008006150                vApplicationGetTimerTaskMemory
 .text.vListInitialise
                0x0000000008006184       0x40 ./Middlewares/Third_Party/FreeRTOS/Source/list.o
                0x0000000008006184                vListInitialise
 .text.vListInitialiseItem
                0x00000000080061c4       0x1a ./Middlewares/Third_Party/FreeRTOS/Source/list.o
                0x00000000080061c4                vListInitialiseItem
 .text.vListInsertEnd
                0x00000000080061de       0x48 ./Middlewares/Third_Party/FreeRTOS/Source/list.o
                0x00000000080061de                vListInsertEnd
 .text.vListInsert
                0x0000000008006226       0x72 ./Middlewares/Third_Party/FreeRTOS/Source/list.o
                0x0000000008006226                vListInsert
 .text.uxListRemove
                0x0000000008006298       0x54 ./Middlewares/Third_Party/FreeRTOS/Source/list.o
                0x0000000008006298                uxListRemove
 .text.xQueueGenericReset
                0x00000000080062ec       0xd0 ./Middlewares/Third_Party/FreeRTOS/Source/queue.o
                0x00000000080062ec                xQueueGenericReset
 .text.xQueueGenericCreateStatic
                0x00000000080063bc       0xf0 ./Middlewares/Third_Party/FreeRTOS/Source/queue.o
                0x00000000080063bc                xQueueGenericCreateStatic
 .text.xQueueGenericCreate
                0x00000000080064ac       0x74 ./Middlewares/Third_Party/FreeRTOS/Source/queue.o
                0x00000000080064ac                xQueueGenericCreate
 .text.prvInitialiseNewQueue
                0x0000000008006520       0x46 ./Middlewares/Third_Party/FreeRTOS/Source/queue.o
 .text.xQueueCreateCountingSemaphoreStatic
                0x0000000008006566       0x6e ./Middlewares/Third_Party/FreeRTOS/Source/queue.o
                0x0000000008006566                xQueueCreateCountingSemaphoreStatic
 .text.xQueueCreateCountingSemaphore
                0x00000000080065d4       0x66 ./Middlewares/Third_Party/FreeRTOS/Source/queue.o
                0x00000000080065d4                xQueueCreateCountingSemaphore
 *fill*         0x000000000800663a        0x2 
 .text.xQueueGenericSend
                0x000000000800663c      0x1fc ./Middlewares/Third_Party/FreeRTOS/Source/queue.o
                0x000000000800663c                xQueueGenericSend
 .text.xQueueGenericSendFromISR
                0x0000000008006838      0x136 ./Middlewares/Third_Party/FreeRTOS/Source/queue.o
                0x0000000008006838                xQueueGenericSendFromISR
 .text.xQueueGiveFromISR
                0x000000000800696e      0x11a ./Middlewares/Third_Party/FreeRTOS/Source/queue.o
                0x000000000800696e                xQueueGiveFromISR
 .text.xQueueReceive
                0x0000000008006a88      0x1c0 ./Middlewares/Third_Party/FreeRTOS/Source/queue.o
                0x0000000008006a88                xQueueReceive
 .text.xQueueSemaphoreTake
                0x0000000008006c48      0x218 ./Middlewares/Third_Party/FreeRTOS/Source/queue.o
                0x0000000008006c48                xQueueSemaphoreTake
 .text.xQueueReceiveFromISR
                0x0000000008006e60      0x100 ./Middlewares/Third_Party/FreeRTOS/Source/queue.o
                0x0000000008006e60                xQueueReceiveFromISR
 .text.vQueueDelete
                0x0000000008006f60       0x46 ./Middlewares/Third_Party/FreeRTOS/Source/queue.o
                0x0000000008006f60                vQueueDelete
 .text.prvGetDisinheritPriorityAfterTimeout
                0x0000000008006fa6       0x30 ./Middlewares/Third_Party/FreeRTOS/Source/queue.o
 .text.prvCopyDataToQueue
                0x0000000008006fd6       0xd4 ./Middlewares/Third_Party/FreeRTOS/Source/queue.o
 .text.prvCopyDataFromQueue
                0x00000000080070aa       0x4c ./Middlewares/Third_Party/FreeRTOS/Source/queue.o
 .text.prvUnlockQueue
                0x00000000080070f6       0xa4 ./Middlewares/Third_Party/FreeRTOS/Source/queue.o
 .text.prvIsQueueEmpty
                0x000000000800719a       0x2c ./Middlewares/Third_Party/FreeRTOS/Source/queue.o
 .text.prvIsQueueFull
                0x00000000080071c6       0x30 ./Middlewares/Third_Party/FreeRTOS/Source/queue.o
 *fill*         0x00000000080071f6        0x2 
 .text.vQueueAddToRegistry
                0x00000000080071f8       0x54 ./Middlewares/Third_Party/FreeRTOS/Source/queue.o
                0x00000000080071f8                vQueueAddToRegistry
 .text.vQueueUnregisterQueue
                0x000000000800724c       0x54 ./Middlewares/Third_Party/FreeRTOS/Source/queue.o
                0x000000000800724c                vQueueUnregisterQueue
 .text.vQueueWaitForMessageRestricted
                0x00000000080072a0       0x68 ./Middlewares/Third_Party/FreeRTOS/Source/queue.o
                0x00000000080072a0                vQueueWaitForMessageRestricted
 .text.xTaskCreateStatic
                0x0000000008007308       0xba ./Middlewares/Third_Party/FreeRTOS/Source/tasks.o
                0x0000000008007308                xTaskCreateStatic
 .text.xTaskCreate
                0x00000000080073c2       0x8a ./Middlewares/Third_Party/FreeRTOS/Source/tasks.o
                0x00000000080073c2                xTaskCreate
 .text.prvInitialiseNewTask
                0x000000000800744c      0x11e ./Middlewares/Third_Party/FreeRTOS/Source/tasks.o
 *fill*         0x000000000800756a        0x2 
 .text.prvAddNewTaskToReadyList
                0x000000000800756c       0xe0 ./Middlewares/Third_Party/FreeRTOS/Source/tasks.o
 .text.vTaskDelayUntil
                0x000000000800764c       0xfc ./Middlewares/Third_Party/FreeRTOS/Source/tasks.o
                0x000000000800764c                vTaskDelayUntil
 .text.vTaskDelay
                0x0000000008007748       0x68 ./Middlewares/Third_Party/FreeRTOS/Source/tasks.o
                0x0000000008007748                vTaskDelay
 .text.vTaskStartScheduler
                0x00000000080077b0       0xcc ./Middlewares/Third_Party/FreeRTOS/Source/tasks.o
                0x00000000080077b0                vTaskStartScheduler
 .text.vTaskSuspendAll
                0x000000000800787c       0x1c ./Middlewares/Third_Party/FreeRTOS/Source/tasks.o
                0x000000000800787c                vTaskSuspendAll
 .text.xTaskResumeAll
                0x0000000008007898      0x13c ./Middlewares/Third_Party/FreeRTOS/Source/tasks.o
                0x0000000008007898                xTaskResumeAll
 .text.xTaskGetTickCount
                0x00000000080079d4       0x20 ./Middlewares/Third_Party/FreeRTOS/Source/tasks.o
                0x00000000080079d4                xTaskGetTickCount
 .text.xTaskIncrementTick
                0x00000000080079f4      0x174 ./Middlewares/Third_Party/FreeRTOS/Source/tasks.o
                0x00000000080079f4                xTaskIncrementTick
 .text.vTaskSwitchContext
                0x0000000008007b68       0xbc ./Middlewares/Third_Party/FreeRTOS/Source/tasks.o
                0x0000000008007b68                vTaskSwitchContext
 .text.vTaskPlaceOnEventList
                0x0000000008007c24       0x48 ./Middlewares/Third_Party/FreeRTOS/Source/tasks.o
                0x0000000008007c24                vTaskPlaceOnEventList
 .text.vTaskPlaceOnEventListRestricted
                0x0000000008007c6c       0x58 ./Middlewares/Third_Party/FreeRTOS/Source/tasks.o
                0x0000000008007c6c                vTaskPlaceOnEventListRestricted
 .text.xTaskRemoveFromEventList
                0x0000000008007cc4       0xc8 ./Middlewares/Third_Party/FreeRTOS/Source/tasks.o
                0x0000000008007cc4                xTaskRemoveFromEventList
 .text.vTaskInternalSetTimeOutState
                0x0000000008007d8c       0x2c ./Middlewares/Third_Party/FreeRTOS/Source/tasks.o
                0x0000000008007d8c                vTaskInternalSetTimeOutState
 .text.xTaskCheckForTimeOut
                0x0000000008007db8       0xc4 ./Middlewares/Third_Party/FreeRTOS/Source/tasks.o
                0x0000000008007db8                xTaskCheckForTimeOut
 .text.vTaskMissedYield
                0x0000000008007e7c       0x18 ./Middlewares/Third_Party/FreeRTOS/Source/tasks.o
                0x0000000008007e7c                vTaskMissedYield
 .text.prvIdleTask
                0x0000000008007e94       0x30 ./Middlewares/Third_Party/FreeRTOS/Source/tasks.o
 .text.prvInitialiseTaskLists
                0x0000000008007ec4       0x80 ./Middlewares/Third_Party/FreeRTOS/Source/tasks.o
 .text.prvCheckTasksWaitingTermination
                0x0000000008007f44       0x5c ./Middlewares/Third_Party/FreeRTOS/Source/tasks.o
 .text.prvDeleteTCB
                0x0000000008007fa0       0x5e ./Middlewares/Third_Party/FreeRTOS/Source/tasks.o
 *fill*         0x0000000008007ffe        0x2 
 .text.prvResetNextTaskUnblockTime
                0x0000000008008000       0x40 ./Middlewares/Third_Party/FreeRTOS/Source/tasks.o
 .text.xTaskGetSchedulerState
                0x0000000008008040       0x3c ./Middlewares/Third_Party/FreeRTOS/Source/tasks.o
                0x0000000008008040                xTaskGetSchedulerState
 .text.xTaskPriorityInherit
                0x000000000800807c       0xd0 ./Middlewares/Third_Party/FreeRTOS/Source/tasks.o
                0x000000000800807c                xTaskPriorityInherit
 .text.xTaskPriorityDisinherit
                0x000000000800814c       0xdc ./Middlewares/Third_Party/FreeRTOS/Source/tasks.o
                0x000000000800814c                xTaskPriorityDisinherit
 .text.vTaskPriorityDisinheritAfterTimeout
                0x0000000008008228      0x104 ./Middlewares/Third_Party/FreeRTOS/Source/tasks.o
                0x0000000008008228                vTaskPriorityDisinheritAfterTimeout
 .text.pvTaskIncrementMutexHeldCount
                0x000000000800832c       0x28 ./Middlewares/Third_Party/FreeRTOS/Source/tasks.o
                0x000000000800832c                pvTaskIncrementMutexHeldCount
 .text.prvAddCurrentTaskToDelayedList
                0x0000000008008354       0xa8 ./Middlewares/Third_Party/FreeRTOS/Source/tasks.o
 .text.xTimerCreateTimerTask
                0x00000000080083fc       0x90 ./Middlewares/Third_Party/FreeRTOS/Source/timers.o
                0x00000000080083fc                xTimerCreateTimerTask
 .text.xTimerCreate
                0x000000000800848c       0x42 ./Middlewares/Third_Party/FreeRTOS/Source/timers.o
                0x000000000800848c                xTimerCreate
 .text.xTimerCreateStatic
                0x00000000080084ce       0x7c ./Middlewares/Third_Party/FreeRTOS/Source/timers.o
                0x00000000080084ce                xTimerCreateStatic
 .text.prvInitialiseNewTimer
                0x000000000800854a       0x76 ./Middlewares/Third_Party/FreeRTOS/Source/timers.o
 .text.xTimerGenericCommand
                0x00000000080085c0       0x9c ./Middlewares/Third_Party/FreeRTOS/Source/timers.o
                0x00000000080085c0                xTimerGenericCommand
 .text.prvProcessExpiredTimer
                0x000000000800865c       0x98 ./Middlewares/Third_Party/FreeRTOS/Source/timers.o
 .text.prvTimerTask
                0x00000000080086f4       0x24 ./Middlewares/Third_Party/FreeRTOS/Source/timers.o
 .text.prvProcessTimerOrBlockTask
                0x0000000008008718       0x9c ./Middlewares/Third_Party/FreeRTOS/Source/timers.o
 .text.prvGetNextExpireTime
                0x00000000080087b4       0x48 ./Middlewares/Third_Party/FreeRTOS/Source/timers.o
 .text.prvSampleTimeNow
                0x00000000080087fc       0x40 ./Middlewares/Third_Party/FreeRTOS/Source/timers.o
 .text.prvInsertTimerInActiveList
                0x000000000800883c       0x84 ./Middlewares/Third_Party/FreeRTOS/Source/timers.o
 .text.prvProcessReceivedCommands
                0x00000000080088c0      0x1c4 ./Middlewares/Third_Party/FreeRTOS/Source/timers.o
 .text.prvSwitchTimerLists
                0x0000000008008a84       0xc8 ./Middlewares/Third_Party/FreeRTOS/Source/timers.o
 .text.prvCheckForValidListAndQueue
                0x0000000008008b4c       0x80 ./Middlewares/Third_Party/FreeRTOS/Source/timers.o
 .text.pvTimerGetTimerID
                0x0000000008008bcc       0x40 ./Middlewares/Third_Party/FreeRTOS/Source/timers.o
                0x0000000008008bcc                pvTimerGetTimerID
 .text.pxPortInitialiseStack
                0x0000000008008c0c       0x68 ./Middlewares/Third_Party/FreeRTOS/Source/portable/GCC/ARM_CM4F/port.o
                0x0000000008008c0c                pxPortInitialiseStack
 .text.prvTaskExitError
                0x0000000008008c74       0x58 ./Middlewares/Third_Party/FreeRTOS/Source/portable/GCC/ARM_CM4F/port.o
 *fill*         0x0000000008008ccc        0x4 
 .text.SVC_Handler
                0x0000000008008cd0       0x28 ./Middlewares/Third_Party/FreeRTOS/Source/portable/GCC/ARM_CM4F/port.o
                0x0000000008008cd0                SVC_Handler
 .text.prvPortStartFirstTask
                0x0000000008008cf8       0x28 ./Middlewares/Third_Party/FreeRTOS/Source/portable/GCC/ARM_CM4F/port.o
 .text.xPortStartScheduler
                0x0000000008008d20      0x144 ./Middlewares/Third_Party/FreeRTOS/Source/portable/GCC/ARM_CM4F/port.o
                0x0000000008008d20                xPortStartScheduler
 .text.vPortEnterCritical
                0x0000000008008e64       0x60 ./Middlewares/Third_Party/FreeRTOS/Source/portable/GCC/ARM_CM4F/port.o
                0x0000000008008e64                vPortEnterCritical
 .text.vPortExitCritical
                0x0000000008008ec4       0x54 ./Middlewares/Third_Party/FreeRTOS/Source/portable/GCC/ARM_CM4F/port.o
                0x0000000008008ec4                vPortExitCritical
 *fill*         0x0000000008008f18        0x8 
 .text.PendSV_Handler
                0x0000000008008f20       0x68 ./Middlewares/Third_Party/FreeRTOS/Source/portable/GCC/ARM_CM4F/port.o
                0x0000000008008f20                PendSV_Handler
 .text.xPortSysTickHandler
                0x0000000008008f88       0x44 ./Middlewares/Third_Party/FreeRTOS/Source/portable/GCC/ARM_CM4F/port.o
                0x0000000008008f88                xPortSysTickHandler
 .text.vPortSetupTimerInterrupt
                0x0000000008008fcc       0x48 ./Middlewares/Third_Party/FreeRTOS/Source/portable/GCC/ARM_CM4F/port.o
                0x0000000008008fcc                vPortSetupTimerInterrupt
 .text.vPortEnableVFP
                0x0000000008009014       0x14 ./Middlewares/Third_Party/FreeRTOS/Source/portable/GCC/ARM_CM4F/port.o
 .text.vPortValidateInterruptPriority
                0x0000000008009028       0x80 ./Middlewares/Third_Party/FreeRTOS/Source/portable/GCC/ARM_CM4F/port.o
                0x0000000008009028                vPortValidateInterruptPriority
 .text.pvPortMalloc
                0x00000000080090a8      0x198 ./Middlewares/Third_Party/FreeRTOS/Source/portable/MemMang/heap_4.o
                0x00000000080090a8                pvPortMalloc
 .text.vPortFree
                0x0000000008009240       0xc4 ./Middlewares/Third_Party/FreeRTOS/Source/portable/MemMang/heap_4.o
                0x0000000008009240                vPortFree
 .text.prvHeapInit
                0x0000000008009304       0xc4 ./Middlewares/Third_Party/FreeRTOS/Source/portable/MemMang/heap_4.o
 .text.prvInsertBlockIntoFreeList
                0x00000000080093c8       0xb4 ./Middlewares/Third_Party/FreeRTOS/Source/portable/MemMang/heap_4.o
 .text.std      0x000000000800947c       0x6c /Applications/STM32CubeIDE.app/Contents/Eclipse/plugins/com.st.stm32cube.ide.mcu.externaltools.gnu-tools-for-stm32.11.3.rel1.macos64_1.1.1.202309131626/tools/bin/../lib/gcc/arm-none-eabi/11.3.1/../../../../arm-none-eabi/lib/thumb/v7e-m+fp/hard/libc_nano.a(libc_a-findfp.o)
 .text.stdio_exit_handler
                0x00000000080094e8       0x18 /Applications/STM32CubeIDE.app/Contents/Eclipse/plugins/com.st.stm32cube.ide.mcu.externaltools.gnu-tools-for-stm32.11.3.rel1.macos64_1.1.1.202309131626/tools/bin/../lib/gcc/arm-none-eabi/11.3.1/../../../../arm-none-eabi/lib/thumb/v7e-m+fp/hard/libc_nano.a(libc_a-findfp.o)
 .text.cleanup_stdio
                0x0000000008009500       0x40 /Applications/STM32CubeIDE.app/Contents/Eclipse/plugins/com.st.stm32cube.ide.mcu.externaltools.gnu-tools-for-stm32.11.3.rel1.macos64_1.1.1.202309131626/tools/bin/../lib/gcc/arm-none-eabi/11.3.1/../../../../arm-none-eabi/lib/thumb/v7e-m+fp/hard/libc_nano.a(libc_a-findfp.o)
 .text.global_stdio_init.part.0
                0x0000000008009540       0x3c /Applications/STM32CubeIDE.app/Contents/Eclipse/plugins/com.st.stm32cube.ide.mcu.externaltools.gnu-tools-for-stm32.11.3.rel1.macos64_1.1.1.202309131626/tools/bin/../lib/gcc/arm-none-eabi/11.3.1/../../../../arm-none-eabi/lib/thumb/v7e-m+fp/hard/libc_nano.a(libc_a-findfp.o)
 .text.__sfp_lock_acquire
                0x000000000800957c        0xc /Applications/STM32CubeIDE.app/Contents/Eclipse/plugins/com.st.stm32cube.ide.mcu.externaltools.gnu-tools-for-stm32.11.3.rel1.macos64_1.1.1.202309131626/tools/bin/../lib/gcc/arm-none-eabi/11.3.1/../../../../arm-none-eabi/lib/thumb/v7e-m+fp/hard/libc_nano.a(libc_a-findfp.o)
                0x000000000800957c                __sfp_lock_acquire
 .text.__sfp_lock_release
                0x0000000008009588        0xc /Applications/STM32CubeIDE.app/Contents/Eclipse/plugins/com.st.stm32cube.ide.mcu.externaltools.gnu-tools-for-stm32.11.3.rel1.macos64_1.1.1.202309131626/tools/bin/../lib/gcc/arm-none-eabi/11.3.1/../../../../arm-none-eabi/lib/thumb/v7e-m+fp/hard/libc_nano.a(libc_a-findfp.o)
                0x0000000008009588                __sfp_lock_release
 .text.__sinit  0x0000000008009594       0x30 /Applications/STM32CubeIDE.app/Contents/Eclipse/plugins/com.st.stm32cube.ide.mcu.externaltools.gnu-tools-for-stm32.11.3.rel1.macos64_1.1.1.202309131626/tools/bin/../lib/gcc/arm-none-eabi/11.3.1/../../../../arm-none-eabi/lib/thumb/v7e-m+fp/hard/libc_nano.a(libc_a-findfp.o)
                0x0000000008009594                __sinit
 .text._fwalk_sglue
                0x00000000080095c4       0x3c /Applications/STM32CubeIDE.app/Contents/Eclipse/plugins/com.st.stm32cube.ide.mcu.externaltools.gnu-tools-for-stm32.11.3.rel1.macos64_1.1.1.202309131626/tools/bin/../lib/gcc/arm-none-eabi/11.3.1/../../../../arm-none-eabi/lib/thumb/v7e-m+fp/hard/libc_nano.a(libc_a-fwalk.o)
                0x00000000080095c4                _fwalk_sglue
 .text._puts_r  0x0000000008009600       0xa8 /Applications/STM32CubeIDE.app/Contents/Eclipse/plugins/com.st.stm32cube.ide.mcu.externaltools.gnu-tools-for-stm32.11.3.rel1.macos64_1.1.1.202309131626/tools/bin/../lib/gcc/arm-none-eabi/11.3.1/../../../../arm-none-eabi/lib/thumb/v7e-m+fp/hard/libc_nano.a(libc_a-puts.o)
                0x0000000008009600                _puts_r
 .text.puts     0x00000000080096a8       0x10 /Applications/STM32CubeIDE.app/Contents/Eclipse/plugins/com.st.stm32cube.ide.mcu.externaltools.gnu-tools-for-stm32.11.3.rel1.macos64_1.1.1.202309131626/tools/bin/../lib/gcc/arm-none-eabi/11.3.1/../../../../arm-none-eabi/lib/thumb/v7e-m+fp/hard/libc_nano.a(libc_a-puts.o)
                0x00000000080096a8                puts
 .text.memset   0x00000000080096b8       0x10 /Applications/STM32CubeIDE.app/Contents/Eclipse/plugins/com.st.stm32cube.ide.mcu.externaltools.gnu-tools-for-stm32.11.3.rel1.macos64_1.1.1.202309131626/tools/bin/../lib/gcc/arm-none-eabi/11.3.1/../../../../arm-none-eabi/lib/thumb/v7e-m+fp/hard/libc_nano.a(libc_a-memset.o)
                0x00000000080096b8                memset
 .text.__errno  0x00000000080096c8        0xc /Applications/STM32CubeIDE.app/Contents/Eclipse/plugins/com.st.stm32cube.ide.mcu.externaltools.gnu-tools-for-stm32.11.3.rel1.macos64_1.1.1.202309131626/tools/bin/../lib/gcc/arm-none-eabi/11.3.1/../../../../arm-none-eabi/lib/thumb/v7e-m+fp/hard/libc_nano.a(libc_a-errno.o)
                0x00000000080096c8                __errno
 .text.__libc_init_array
                0x00000000080096d4       0x48 /Applications/STM32CubeIDE.app/Contents/Eclipse/plugins/com.st.stm32cube.ide.mcu.externaltools.gnu-tools-for-stm32.11.3.rel1.macos64_1.1.1.202309131626/tools/bin/../lib/gcc/arm-none-eabi/11.3.1/../../../../arm-none-eabi/lib/thumb/v7e-m+fp/hard/libc_nano.a(libc_a-init.o)
                0x00000000080096d4                __libc_init_array
 .text.__retarget_lock_init_recursive
                0x000000000800971c        0x2 /Applications/STM32CubeIDE.app/Contents/Eclipse/plugins/com.st.stm32cube.ide.mcu.externaltools.gnu-tools-for-stm32.11.3.rel1.macos64_1.1.1.202309131626/tools/bin/../lib/gcc/arm-none-eabi/11.3.1/../../../../arm-none-eabi/lib/thumb/v7e-m+fp/hard/libc_nano.a(libc_a-lock.o)
                0x000000000800971c                __retarget_lock_init_recursive
 .text.__retarget_lock_acquire_recursive
                0x000000000800971e        0x2 /Applications/STM32CubeIDE.app/Contents/Eclipse/plugins/com.st.stm32cube.ide.mcu.externaltools.gnu-tools-for-stm32.11.3.rel1.macos64_1.1.1.202309131626/tools/bin/../lib/gcc/arm-none-eabi/11.3.1/../../../../arm-none-eabi/lib/thumb/v7e-m+fp/hard/libc_nano.a(libc_a-lock.o)
                0x000000000800971e                __retarget_lock_acquire_recursive
 .text.__retarget_lock_release_recursive
                0x0000000008009720        0x2 /Applications/STM32CubeIDE.app/Contents/Eclipse/plugins/com.st.stm32cube.ide.mcu.externaltools.gnu-tools-for-stm32.11.3.rel1.macos64_1.1.1.202309131626/tools/bin/../lib/gcc/arm-none-eabi/11.3.1/../../../../arm-none-eabi/lib/thumb/v7e-m+fp/hard/libc_nano.a(libc_a-lock.o)
                0x0000000008009720                __retarget_lock_release_recursive
 .text.memcpy   0x0000000008009722       0x1c /Applications/STM32CubeIDE.app/Contents/Eclipse/plugins/com.st.stm32cube.ide.mcu.externaltools.gnu-tools-for-stm32.11.3.rel1.macos64_1.1.1.202309131626/tools/bin/../lib/gcc/arm-none-eabi/11.3.1/../../../../arm-none-eabi/lib/thumb/v7e-m+fp/hard/libc_nano.a(libc_a-memcpy-stub.o)
                0x0000000008009722                memcpy
 *fill*         0x000000000800973e        0x2 
 .text.sbrk_aligned
                0x0000000008009740       0x40 /Applications/STM32CubeIDE.app/Contents/Eclipse/plugins/com.st.stm32cube.ide.mcu.externaltools.gnu-tools-for-stm32.11.3.rel1.macos64_1.1.1.202309131626/tools/bin/../lib/gcc/arm-none-eabi/11.3.1/../../../../arm-none-eabi/lib/thumb/v7e-m+fp/hard/libc_nano.a(libc_a-mallocr.o)
 .text._malloc_r
                0x0000000008009780      0x100 /Applications/STM32CubeIDE.app/Contents/Eclipse/plugins/com.st.stm32cube.ide.mcu.externaltools.gnu-tools-for-stm32.11.3.rel1.macos64_1.1.1.202309131626/tools/bin/../lib/gcc/arm-none-eabi/11.3.1/../../../../arm-none-eabi/lib/thumb/v7e-m+fp/hard/libc_nano.a(libc_a-mallocr.o)
                0x0000000008009780                _malloc_r
 .text.__sflush_r
                0x0000000008009880      0x10c /Applications/STM32CubeIDE.app/Contents/Eclipse/plugins/com.st.stm32cube.ide.mcu.externaltools.gnu-tools-for-stm32.11.3.rel1.macos64_1.1.1.202309131626/tools/bin/../lib/gcc/arm-none-eabi/11.3.1/../../../../arm-none-eabi/lib/thumb/v7e-m+fp/hard/libc_nano.a(libc_a-fflush.o)
                0x0000000008009880                __sflush_r
 .text._fflush_r
                0x000000000800998c       0x50 /Applications/STM32CubeIDE.app/Contents/Eclipse/plugins/com.st.stm32cube.ide.mcu.externaltools.gnu-tools-for-stm32.11.3.rel1.macos64_1.1.1.202309131626/tools/bin/../lib/gcc/arm-none-eabi/11.3.1/../../../../arm-none-eabi/lib/thumb/v7e-m+fp/hard/libc_nano.a(libc_a-fflush.o)
                0x000000000800998c                _fflush_r
 .text.__malloc_lock
                0x00000000080099dc        0xc /Applications/STM32CubeIDE.app/Contents/Eclipse/plugins/com.st.stm32cube.ide.mcu.externaltools.gnu-tools-for-stm32.11.3.rel1.macos64_1.1.1.202309131626/tools/bin/../lib/gcc/arm-none-eabi/11.3.1/../../../../arm-none-eabi/lib/thumb/v7e-m+fp/hard/libc_nano.a(libc_a-mlock.o)
                0x00000000080099dc                __malloc_lock
 .text.__malloc_unlock
                0x00000000080099e8        0xc /Applications/STM32CubeIDE.app/Contents/Eclipse/plugins/com.st.stm32cube.ide.mcu.externaltools.gnu-tools-for-stm32.11.3.rel1.macos64_1.1.1.202309131626/tools/bin/../lib/gcc/arm-none-eabi/11.3.1/../../../../arm-none-eabi/lib/thumb/v7e-m+fp/hard/libc_nano.a(libc_a-mlock.o)
                0x00000000080099e8                __malloc_unlock
 .text.__sread  0x00000000080099f4       0x22 /Applications/STM32CubeIDE.app/Contents/Eclipse/plugins/com.st.stm32cube.ide.mcu.externaltools.gnu-tools-for-stm32.11.3.rel1.macos64_1.1.1.202309131626/tools/bin/../lib/gcc/arm-none-eabi/11.3.1/../../../../arm-none-eabi/lib/thumb/v7e-m+fp/hard/libc_nano.a(libc_a-stdio.o)
                0x00000000080099f4                __sread
 .text.__swrite
                0x0000000008009a16       0x38 /Applications/STM32CubeIDE.app/Contents/Eclipse/plugins/com.st.stm32cube.ide.mcu.externaltools.gnu-tools-for-stm32.11.3.rel1.macos64_1.1.1.202309131626/tools/bin/../lib/gcc/arm-none-eabi/11.3.1/../../../../arm-none-eabi/lib/thumb/v7e-m+fp/hard/libc_nano.a(libc_a-stdio.o)
                0x0000000008009a16                __swrite
 .text.__sseek  0x0000000008009a4e       0x24 /Applications/STM32CubeIDE.app/Contents/Eclipse/plugins/com.st.stm32cube.ide.mcu.externaltools.gnu-tools-for-stm32.11.3.rel1.macos64_1.1.1.202309131626/tools/bin/../lib/gcc/arm-none-eabi/11.3.1/../../../../arm-none-eabi/lib/thumb/v7e-m+fp/hard/libc_nano.a(libc_a-stdio.o)
                0x0000000008009a4e                __sseek
 .text.__sclose
                0x0000000008009a72        0x8 /Applications/STM32CubeIDE.app/Contents/Eclipse/plugins/com.st.stm32cube.ide.mcu.externaltools.gnu-tools-for-stm32.11.3.rel1.macos64_1.1.1.202309131626/tools/bin/../lib/gcc/arm-none-eabi/11.3.1/../../../../arm-none-eabi/lib/thumb/v7e-m+fp/hard/libc_nano.a(libc_a-stdio.o)
                0x0000000008009a72                __sclose
 .text.__swbuf_r
                0x0000000008009a7a       0x7a /Applications/STM32CubeIDE.app/Contents/Eclipse/plugins/com.st.stm32cube.ide.mcu.externaltools.gnu-tools-for-stm32.11.3.rel1.macos64_1.1.1.202309131626/tools/bin/../lib/gcc/arm-none-eabi/11.3.1/../../../../arm-none-eabi/lib/thumb/v7e-m+fp/hard/libc_nano.a(libc_a-wbuf.o)
                0x0000000008009a7a                __swbuf_r
 .text.__swsetup_r
                0x0000000008009af4       0xb0 /Applications/STM32CubeIDE.app/Contents/Eclipse/plugins/com.st.stm32cube.ide.mcu.externaltools.gnu-tools-for-stm32.11.3.rel1.macos64_1.1.1.202309131626/tools/bin/../lib/gcc/arm-none-eabi/11.3.1/../../../../arm-none-eabi/lib/thumb/v7e-m+fp/hard/libc_nano.a(libc_a-wsetup.o)
                0x0000000008009af4                __swsetup_r
 .text.__swhatbuf_r
                0x0000000008009ba4       0x4c /Applications/STM32CubeIDE.app/Contents/Eclipse/plugins/com.st.stm32cube.ide.mcu.externaltools.gnu-tools-for-stm32.11.3.rel1.macos64_1.1.1.202309131626/tools/bin/../lib/gcc/arm-none-eabi/11.3.1/../../../../arm-none-eabi/lib/thumb/v7e-m+fp/hard/libc_nano.a(libc_a-makebuf.o)
                0x0000000008009ba4                __swhatbuf_r
 .text.__smakebuf_r
                0x0000000008009bf0       0x78 /Applications/STM32CubeIDE.app/Contents/Eclipse/plugins/com.st.stm32cube.ide.mcu.externaltools.gnu-tools-for-stm32.11.3.rel1.macos64_1.1.1.202309131626/tools/bin/../lib/gcc/arm-none-eabi/11.3.1/../../../../arm-none-eabi/lib/thumb/v7e-m+fp/hard/libc_nano.a(libc_a-makebuf.o)
                0x0000000008009bf0                __smakebuf_r
 .text._close_r
                0x0000000008009c68       0x20 /Applications/STM32CubeIDE.app/Contents/Eclipse/plugins/com.st.stm32cube.ide.mcu.externaltools.gnu-tools-for-stm32.11.3.rel1.macos64_1.1.1.202309131626/tools/bin/../lib/gcc/arm-none-eabi/11.3.1/../../../../arm-none-eabi/lib/thumb/v7e-m+fp/hard/libc_nano.a(libc_a-closer.o)
                0x0000000008009c68                _close_r
 .text._fstat_r
                0x0000000008009c88       0x24 /Applications/STM32CubeIDE.app/Contents/Eclipse/plugins/com.st.stm32cube.ide.mcu.externaltools.gnu-tools-for-stm32.11.3.rel1.macos64_1.1.1.202309131626/tools/bin/../lib/gcc/arm-none-eabi/11.3.1/../../../../arm-none-eabi/lib/thumb/v7e-m+fp/hard/libc_nano.a(libc_a-fstatr.o)
                0x0000000008009c88                _fstat_r
 .text._isatty_r
                0x0000000008009cac       0x20 /Applications/STM32CubeIDE.app/Contents/Eclipse/plugins/com.st.stm32cube.ide.mcu.externaltools.gnu-tools-for-stm32.11.3.rel1.macos64_1.1.1.202309131626/tools/bin/../lib/gcc/arm-none-eabi/11.3.1/../../../../arm-none-eabi/lib/thumb/v7e-m+fp/hard/libc_nano.a(libc_a-isattyr.o)
                0x0000000008009cac                _isatty_r
 .text._lseek_r
                0x0000000008009ccc       0x24 /Applications/STM32CubeIDE.app/Contents/Eclipse/plugins/com.st.stm32cube.ide.mcu.externaltools.gnu-tools-for-stm32.11.3.rel1.macos64_1.1.1.202309131626/tools/bin/../lib/gcc/arm-none-eabi/11.3.1/../../../../arm-none-eabi/lib/thumb/v7e-m+fp/hard/libc_nano.a(libc_a-lseekr.o)
                0x0000000008009ccc                _lseek_r
 .text._read_r  0x0000000008009cf0       0x24 /Applications/STM32CubeIDE.app/Contents/Eclipse/plugins/com.st.stm32cube.ide.mcu.externaltools.gnu-tools-for-stm32.11.3.rel1.macos64_1.1.1.202309131626/tools/bin/../lib/gcc/arm-none-eabi/11.3.1/../../../../arm-none-eabi/lib/thumb/v7e-m+fp/hard/libc_nano.a(libc_a-readr.o)
                0x0000000008009cf0                _read_r
 .text._sbrk_r  0x0000000008009d14       0x20 /Applications/STM32CubeIDE.app/Contents/Eclipse/plugins/com.st.stm32cube.ide.mcu.externaltools.gnu-tools-for-stm32.11.3.rel1.macos64_1.1.1.202309131626/tools/bin/../lib/gcc/arm-none-eabi/11.3.1/../../../../arm-none-eabi/lib/thumb/v7e-m+fp/hard/libc_nano.a(libc_a-sbrkr.o)
                0x0000000008009d14                _sbrk_r
 .text._write_r
                0x0000000008009d34       0x24 /Applications/STM32CubeIDE.app/Contents/Eclipse/plugins/com.st.stm32cube.ide.mcu.externaltools.gnu-tools-for-stm32.11.3.rel1.macos64_1.1.1.202309131626/tools/bin/../lib/gcc/arm-none-eabi/11.3.1/../../../../arm-none-eabi/lib/thumb/v7e-m+fp/hard/libc_nano.a(libc_a-writer.o)
                0x0000000008009d34                _write_r
 .text._free_r  0x0000000008009d58       0x98 /Applications/STM32CubeIDE.app/Contents/Eclipse/plugins/com.st.stm32cube.ide.mcu.externaltools.gnu-tools-for-stm32.11.3.rel1.macos64_1.1.1.202309131626/tools/bin/../lib/gcc/arm-none-eabi/11.3.1/../../../../arm-none-eabi/lib/thumb/v7e-m+fp/hard/libc_nano.a(libc_a-freer.o)
                0x0000000008009d58                _free_r
 *(.glue_7)
 .glue_7        0x0000000008009df0        0x0 linker stubs
 *(.glue_7t)
 .glue_7t       0x0000000008009df0        0x0 linker stubs
 *(.eh_frame)
 .eh_frame      0x0000000008009df0        0x0 /Applications/STM32CubeIDE.app/Contents/Eclipse/plugins/com.st.stm32cube.ide.mcu.externaltools.gnu-tools-for-stm32.11.3.rel1.macos64_1.1.1.202309131626/tools/bin/../lib/gcc/arm-none-eabi/11.3.1/thumb/v7e-m+fp/hard/crtbegin.o
 *(.init)
 .init          0x0000000008009df0        0x4 /Applications/STM32CubeIDE.app/Contents/Eclipse/plugins/com.st.stm32cube.ide.mcu.externaltools.gnu-tools-for-stm32.11.3.rel1.macos64_1.1.1.202309131626/tools/bin/../lib/gcc/arm-none-eabi/11.3.1/thumb/v7e-m+fp/hard/crti.o
                0x0000000008009df0                _init
 .init          0x0000000008009df4        0x8 /Applications/STM32CubeIDE.app/Contents/Eclipse/plugins/com.st.stm32cube.ide.mcu.externaltools.gnu-tools-for-stm32.11.3.rel1.macos64_1.1.1.202309131626/tools/bin/../lib/gcc/arm-none-eabi/11.3.1/thumb/v7e-m+fp/hard/crtn.o
 *(.fini)
 .fini          0x0000000008009dfc        0x4 /Applications/STM32CubeIDE.app/Contents/Eclipse/plugins/com.st.stm32cube.ide.mcu.externaltools.gnu-tools-for-stm32.11.3.rel1.macos64_1.1.1.202309131626/tools/bin/../lib/gcc/arm-none-eabi/11.3.1/thumb/v7e-m+fp/hard/crti.o
                0x0000000008009dfc                _fini
 .fini          0x0000000008009e00        0x8 /Applications/STM32CubeIDE.app/Contents/Eclipse/plugins/com.st.stm32cube.ide.mcu.externaltools.gnu-tools-for-stm32.11.3.rel1.macos64_1.1.1.202309131626/tools/bin/../lib/gcc/arm-none-eabi/11.3.1/thumb/v7e-m+fp/hard/crtn.o
                0x0000000008009e08                . = ALIGN (0x4)
                0x0000000008009e08                _etext = .

.vfp11_veneer   0x0000000008009e08        0x0
 .vfp11_veneer  0x0000000008009e08        0x0 linker stubs

.v4_bx          0x0000000008009e08        0x0
 .v4_bx         0x0000000008009e08        0x0 linker stubs

.iplt           0x0000000008009e08        0x0
 .iplt          0x0000000008009e08        0x0 /Applications/STM32CubeIDE.app/Contents/Eclipse/plugins/com.st.stm32cube.ide.mcu.externaltools.gnu-tools-for-stm32.11.3.rel1.macos64_1.1.1.202309131626/tools/bin/../lib/gcc/arm-none-eabi/11.3.1/thumb/v7e-m+fp/hard/crtbegin.o

.rodata         0x0000000008009e08      0x1fc
                0x0000000008009e08                . = ALIGN (0x4)
 *(.rodata)
 .rodata        0x0000000008009e08       0x4e ./Core/Src/freertos.o
 *fill*         0x0000000008009e56        0x2 
 .rodata        0x0000000008009e58        0xa ./Core/Src/main.o
 *fill*         0x0000000008009e62        0x2 
 .rodata        0x0000000008009e64        0x5 ./Middlewares/Third_Party/FreeRTOS/Source/tasks.o
 *fill*         0x0000000008009e69        0x3 
 .rodata        0x0000000008009e6c        0xd ./Middlewares/Third_Party/FreeRTOS/Source/timers.o
 *(.rodata*)
 *fill*         0x0000000008009e79        0x3 
 .rodata.defaultTask_attributes
                0x0000000008009e7c       0x24 ./Core/Src/freertos.o
                0x0000000008009e7c                defaultTask_attributes
 .rodata.toggleBlueLight_attributes
                0x0000000008009ea0       0x24 ./Core/Src/freertos.o
                0x0000000008009ea0                toggleBlueLight_attributes
 .rodata.UpdateInputOutp_attributes
                0x0000000008009ec4       0x24 ./Core/Src/freertos.o
                0x0000000008009ec4                UpdateInputOutp_attributes
 .rodata.updateStateTask_attributes
                0x0000000008009ee8       0x24 ./Core/Src/freertos.o
                0x0000000008009ee8                updateStateTask_attributes
 .rodata.Delay_attributes
                0x0000000008009f0c       0x10 ./Core/Src/freertos.o
                0x0000000008009f0c                Delay_attributes
 .rodata.Semaphore_attributes
                0x0000000008009f1c       0x10 ./Core/Src/freertos.o
                0x0000000008009f1c                Semaphore_attributes
 .rodata.AHBPrescTable
                0x0000000008009f2c       0x10 ./Core/Src/system_stm32l4xx.o
                0x0000000008009f2c                AHBPrescTable
 .rodata.APBPrescTable
                0x0000000008009f3c        0x8 ./Core/Src/system_stm32l4xx.o
                0x0000000008009f3c                APBPrescTable
 .rodata.MSIRangeTable
                0x0000000008009f44       0x30 ./Core/Src/system_stm32l4xx.o
                0x0000000008009f44                MSIRangeTable
 .rodata.lightConfigs
                0x0000000008009f74       0x90 ./Core/Src/trafficLights.o
                0x000000000800a004                . = ALIGN (0x4)

.ARM.extab      0x000000000800a004        0x0
                0x000000000800a004                . = ALIGN (0x4)
 *(.ARM.extab* .gnu.linkonce.armextab.*)
                0x000000000800a004                . = ALIGN (0x4)

.ARM            0x000000000800a004        0x8
                0x000000000800a004                . = ALIGN (0x4)
                0x000000000800a004                __exidx_start = .
 *(.ARM.exidx*)
 .ARM.exidx     0x000000000800a004        0x8 /Applications/STM32CubeIDE.app/Contents/Eclipse/plugins/com.st.stm32cube.ide.mcu.externaltools.gnu-tools-for-stm32.11.3.rel1.macos64_1.1.1.202309131626/tools/bin/../lib/gcc/arm-none-eabi/11.3.1/thumb/v7e-m+fp/hard/libgcc.a(_udivmoddi4.o)
                0x000000000800a00c                __exidx_end = .
                0x000000000800a00c                . = ALIGN (0x4)

.rel.dyn        0x000000000800a00c        0x0
 .rel.iplt      0x000000000800a00c        0x0 /Applications/STM32CubeIDE.app/Contents/Eclipse/plugins/com.st.stm32cube.ide.mcu.externaltools.gnu-tools-for-stm32.11.3.rel1.macos64_1.1.1.202309131626/tools/bin/../lib/gcc/arm-none-eabi/11.3.1/thumb/v7e-m+fp/hard/crtbegin.o

.preinit_array  0x000000000800a00c        0x0
                0x000000000800a00c                . = ALIGN (0x4)
                0x000000000800a00c                PROVIDE (__preinit_array_start = .)
 *(.preinit_array*)
                0x000000000800a00c                PROVIDE (__preinit_array_end = .)
                0x000000000800a00c                . = ALIGN (0x4)

.init_array     0x000000000800a00c        0x4
                0x000000000800a00c                . = ALIGN (0x4)
                0x000000000800a00c                PROVIDE (__init_array_start = .)
 *(SORT_BY_NAME(.init_array.*))
 *(.init_array*)
 .init_array    0x000000000800a00c        0x4 /Applications/STM32CubeIDE.app/Contents/Eclipse/plugins/com.st.stm32cube.ide.mcu.externaltools.gnu-tools-for-stm32.11.3.rel1.macos64_1.1.1.202309131626/tools/bin/../lib/gcc/arm-none-eabi/11.3.1/thumb/v7e-m+fp/hard/crtbegin.o
                0x000000000800a010                PROVIDE (__init_array_end = .)
                0x000000000800a010                . = ALIGN (0x4)

.fini_array     0x000000000800a010        0x4
                0x000000000800a010                . = ALIGN (0x4)
                [!provide]                        PROVIDE (__fini_array_start = .)
 *(SORT_BY_NAME(.fini_array.*))
 *(.fini_array*)
 .fini_array    0x000000000800a010        0x4 /Applications/STM32CubeIDE.app/Contents/Eclipse/plugins/com.st.stm32cube.ide.mcu.externaltools.gnu-tools-for-stm32.11.3.rel1.macos64_1.1.1.202309131626/tools/bin/../lib/gcc/arm-none-eabi/11.3.1/thumb/v7e-m+fp/hard/crtbegin.o
                [!provide]                        PROVIDE (__fini_array_end = .)
                0x000000000800a014                . = ALIGN (0x4)
                0x000000000800a014                _sidata = LOADADDR (.data)

.data           0x0000000020000000       0x6c load address 0x000000000800a014
                0x0000000020000000                . = ALIGN (0x4)
                0x0000000020000000                _sdata = .
 *(.data)
 *(.data*)
 .data.SystemCoreClock
                0x0000000020000000        0x4 ./Core/Src/system_stm32l4xx.o
                0x0000000020000000                SystemCoreClock
 .data.uwTickPrio
                0x0000000020000004        0x4 ./Drivers/STM32L4xx_HAL_Driver/Src/stm32l4xx_hal.o
                0x0000000020000004                uwTickPrio
 .data.uwTickFreq
                0x0000000020000008        0x1 ./Drivers/STM32L4xx_HAL_Driver/Src/stm32l4xx_hal.o
                0x0000000020000008                uwTickFreq
 *fill*         0x0000000020000009        0x3 
 .data.uxCriticalNesting
                0x000000002000000c        0x4 ./Middlewares/Third_Party/FreeRTOS/Source/portable/GCC/ARM_CM4F/port.o
 .data.__sglue  0x0000000020000010        0xc /Applications/STM32CubeIDE.app/Contents/Eclipse/plugins/com.st.stm32cube.ide.mcu.externaltools.gnu-tools-for-stm32.11.3.rel1.macos64_1.1.1.202309131626/tools/bin/../lib/gcc/arm-none-eabi/11.3.1/../../../../arm-none-eabi/lib/thumb/v7e-m+fp/hard/libc_nano.a(libc_a-findfp.o)
                0x0000000020000010                __sglue
 .data._impure_data
                0x000000002000001c       0x4c /Applications/STM32CubeIDE.app/Contents/Eclipse/plugins/com.st.stm32cube.ide.mcu.externaltools.gnu-tools-for-stm32.11.3.rel1.macos64_1.1.1.202309131626/tools/bin/../lib/gcc/arm-none-eabi/11.3.1/../../../../arm-none-eabi/lib/thumb/v7e-m+fp/hard/libc_nano.a(libc_a-impure.o)
                0x000000002000001c                _impure_data
 .data._impure_ptr
                0x0000000020000068        0x4 /Applications/STM32CubeIDE.app/Contents/Eclipse/plugins/com.st.stm32cube.ide.mcu.externaltools.gnu-tools-for-stm32.11.3.rel1.macos64_1.1.1.202309131626/tools/bin/../lib/gcc/arm-none-eabi/11.3.1/../../../../arm-none-eabi/lib/thumb/v7e-m+fp/hard/libc_nano.a(libc_a-impure.o)
                0x0000000020000068                _impure_ptr
 *(.RamFunc)
 *(.RamFunc*)
                0x000000002000006c                . = ALIGN (0x4)
                0x000000002000006c                _edata = .

.igot.plt       0x000000002000006c        0x0 load address 0x000000000800a080
 .igot.plt      0x000000002000006c        0x0 /Applications/STM32CubeIDE.app/Contents/Eclipse/plugins/com.st.stm32cube.ide.mcu.externaltools.gnu-tools-for-stm32.11.3.rel1.macos64_1.1.1.202309131626/tools/bin/../lib/gcc/arm-none-eabi/11.3.1/thumb/v7e-m+fp/hard/crtbegin.o
                0x000000002000006c                . = ALIGN (0x4)

.bss            0x000000002000006c     0x1c44 load address 0x000000000800a080
                0x000000002000006c                _sbss = .
                0x000000002000006c                __bss_start__ = _sbss
 *(.bss)
 .bss           0x000000002000006c       0x1c /Applications/STM32CubeIDE.app/Contents/Eclipse/plugins/com.st.stm32cube.ide.mcu.externaltools.gnu-tools-for-stm32.11.3.rel1.macos64_1.1.1.202309131626/tools/bin/../lib/gcc/arm-none-eabi/11.3.1/thumb/v7e-m+fp/hard/crtbegin.o
 *(.bss*)
 .bss.buttonState
                0x0000000020000088        0x6 ./Core/Src/TrafficInputs.o
 .bss.crossing  0x000000002000008e        0x1 ./Core/Src/TrafficLogic.o
 .bss.state     0x000000002000008f        0x1 ./Core/Src/TrafficLogic.o
 .bss.nextState
                0x0000000020000090        0x1 ./Core/Src/TrafficLogic.o
 .bss.lightsActivated
                0x0000000020000091        0x1 ./Core/Src/TrafficLogic.o
 .bss.delaySent
                0x0000000020000092        0x1 ./Core/Src/TrafficLogic.o
 *fill*         0x0000000020000093        0x1 
 .bss.action    0x0000000020000094        0x6 ./Core/Src/TrafficLogic.o
                0x0000000020000094                action
 *fill*         0x000000002000009a        0x2 
 .bss.previousDelayExpireAt
                0x000000002000009c        0x4 ./Core/Src/TrafficLogic.o
 .bss.inputState
                0x00000000200000a0        0x6 ./Core/Src/freertos.o
                0x00000000200000a0                inputState
 *fill*         0x00000000200000a6        0x2 
 .bss.tempInputState
                0x00000000200000a8        0x6 ./Core/Src/freertos.o
                0x00000000200000a8                tempInputState
 *fill*         0x00000000200000ae        0x2 
 .bss.TrafficAction
                0x00000000200000b0        0x4 ./Core/Src/freertos.o
                0x00000000200000b0                TrafficAction
 .bss.defaultTaskHandle
                0x00000000200000b4        0x4 ./Core/Src/freertos.o
                0x00000000200000b4                defaultTaskHandle
 .bss.toggleBlueLightHandle
                0x00000000200000b8        0x4 ./Core/Src/freertos.o
                0x00000000200000b8                toggleBlueLightHandle
 .bss.UpdateInputOutpHandle
                0x00000000200000bc        0x4 ./Core/Src/freertos.o
                0x00000000200000bc                UpdateInputOutpHandle
 .bss.updateStateTaskHandle
                0x00000000200000c0        0x4 ./Core/Src/freertos.o
                0x00000000200000c0                updateStateTaskHandle
 .bss.DelayHandle
                0x00000000200000c4        0x4 ./Core/Src/freertos.o
                0x00000000200000c4                DelayHandle
 .bss.SemaphoreHandle
                0x00000000200000c8        0x4 ./Core/Src/freertos.o
                0x00000000200000c8                SemaphoreHandle
 .bss.SPI_Handle
                0x00000000200000cc        0x4 ./Core/Src/hc595.o
 .bss.hspi3     0x00000000200000d0       0x64 ./Core/Src/spi.o
                0x00000000200000d0                hspi3
 .bss.hdma_spi3_tx
                0x0000000020000134       0x48 ./Core/Src/spi.o
                0x0000000020000134                hdma_spi3_tx
 .bss.htim1     0x000000002000017c       0x4c ./Core/Src/stm32l4xx_hal_timebase_tim.o
                0x000000002000017c                htim1
 .bss.__sbrk_heap_end
                0x00000000200001c8        0x4 ./Core/Src/sysmem.o
 .bss.buffer    0x00000000200001cc        0x3 ./Core/Src/trafficLights.o
 .bss.lightsChanged
                0x00000000200001cf        0x1 ./Core/Src/trafficLights.o
 .bss.huart2    0x00000000200001d0       0x88 ./Core/Src/usart.o
                0x00000000200001d0                huart2
 .bss.uwTick    0x0000000020000258        0x4 ./Drivers/STM32L4xx_HAL_Driver/Src/stm32l4xx_hal.o
                0x0000000020000258                uwTick
 .bss.KernelState
                0x000000002000025c        0x4 ./Middlewares/Third_Party/FreeRTOS/Source/CMSIS_RTOS_V2/cmsis_os2.o
 .bss.Idle_TCB.3
                0x0000000020000260       0x5c ./Middlewares/Third_Party/FreeRTOS/Source/CMSIS_RTOS_V2/cmsis_os2.o
 .bss.Idle_Stack.2
                0x00000000200002bc      0x200 ./Middlewares/Third_Party/FreeRTOS/Source/CMSIS_RTOS_V2/cmsis_os2.o
 .bss.Timer_TCB.1
                0x00000000200004bc       0x5c ./Middlewares/Third_Party/FreeRTOS/Source/CMSIS_RTOS_V2/cmsis_os2.o
 .bss.Timer_Stack.0
                0x0000000020000518      0x400 ./Middlewares/Third_Party/FreeRTOS/Source/CMSIS_RTOS_V2/cmsis_os2.o
 .bss.xQueueRegistry
                0x0000000020000918       0x40 ./Middlewares/Third_Party/FreeRTOS/Source/queue.o
                0x0000000020000918                xQueueRegistry
 .bss.pxCurrentTCB
                0x0000000020000958        0x4 ./Middlewares/Third_Party/FreeRTOS/Source/tasks.o
                0x0000000020000958                pxCurrentTCB
 .bss.pxReadyTasksLists
                0x000000002000095c      0x460 ./Middlewares/Third_Party/FreeRTOS/Source/tasks.o
 .bss.xDelayedTaskList1
                0x0000000020000dbc       0x14 ./Middlewares/Third_Party/FreeRTOS/Source/tasks.o
 .bss.xDelayedTaskList2
                0x0000000020000dd0       0x14 ./Middlewares/Third_Party/FreeRTOS/Source/tasks.o
 .bss.pxDelayedTaskList
                0x0000000020000de4        0x4 ./Middlewares/Third_Party/FreeRTOS/Source/tasks.o
 .bss.pxOverflowDelayedTaskList
                0x0000000020000de8        0x4 ./Middlewares/Third_Party/FreeRTOS/Source/tasks.o
 .bss.xPendingReadyList
                0x0000000020000dec       0x14 ./Middlewares/Third_Party/FreeRTOS/Source/tasks.o
 .bss.xTasksWaitingTermination
                0x0000000020000e00       0x14 ./Middlewares/Third_Party/FreeRTOS/Source/tasks.o
 .bss.uxDeletedTasksWaitingCleanUp
                0x0000000020000e14        0x4 ./Middlewares/Third_Party/FreeRTOS/Source/tasks.o
 .bss.xSuspendedTaskList
                0x0000000020000e18       0x14 ./Middlewares/Third_Party/FreeRTOS/Source/tasks.o
 .bss.uxCurrentNumberOfTasks
                0x0000000020000e2c        0x4 ./Middlewares/Third_Party/FreeRTOS/Source/tasks.o
 .bss.xTickCount
                0x0000000020000e30        0x4 ./Middlewares/Third_Party/FreeRTOS/Source/tasks.o
 .bss.uxTopReadyPriority
                0x0000000020000e34        0x4 ./Middlewares/Third_Party/FreeRTOS/Source/tasks.o
 .bss.xSchedulerRunning
                0x0000000020000e38        0x4 ./Middlewares/Third_Party/FreeRTOS/Source/tasks.o
 .bss.xPendedTicks
                0x0000000020000e3c        0x4 ./Middlewares/Third_Party/FreeRTOS/Source/tasks.o
 .bss.xYieldPending
                0x0000000020000e40        0x4 ./Middlewares/Third_Party/FreeRTOS/Source/tasks.o
 .bss.xNumOfOverflows
                0x0000000020000e44        0x4 ./Middlewares/Third_Party/FreeRTOS/Source/tasks.o
 .bss.uxTaskNumber
                0x0000000020000e48        0x4 ./Middlewares/Third_Party/FreeRTOS/Source/tasks.o
 .bss.xNextTaskUnblockTime
                0x0000000020000e4c        0x4 ./Middlewares/Third_Party/FreeRTOS/Source/tasks.o
 .bss.xIdleTaskHandle
                0x0000000020000e50        0x4 ./Middlewares/Third_Party/FreeRTOS/Source/tasks.o
 .bss.uxSchedulerSuspended
                0x0000000020000e54        0x4 ./Middlewares/Third_Party/FreeRTOS/Source/tasks.o
 .bss.xActiveTimerList1
                0x0000000020000e58       0x14 ./Middlewares/Third_Party/FreeRTOS/Source/timers.o
 .bss.xActiveTimerList2
                0x0000000020000e6c       0x14 ./Middlewares/Third_Party/FreeRTOS/Source/timers.o
 .bss.pxCurrentTimerList
                0x0000000020000e80        0x4 ./Middlewares/Third_Party/FreeRTOS/Source/timers.o
 .bss.pxOverflowTimerList
                0x0000000020000e84        0x4 ./Middlewares/Third_Party/FreeRTOS/Source/timers.o
 .bss.xTimerQueue
                0x0000000020000e88        0x4 ./Middlewares/Third_Party/FreeRTOS/Source/timers.o
 .bss.xTimerTaskHandle
                0x0000000020000e8c        0x4 ./Middlewares/Third_Party/FreeRTOS/Source/timers.o
 .bss.xLastTime.2
                0x0000000020000e90        0x4 ./Middlewares/Third_Party/FreeRTOS/Source/timers.o
 .bss.ucStaticTimerQueueStorage.1
                0x0000000020000e94       0xa0 ./Middlewares/Third_Party/FreeRTOS/Source/timers.o
 .bss.xStaticTimerQueue.0
                0x0000000020000f34       0x50 ./Middlewares/Third_Party/FreeRTOS/Source/timers.o
 .bss.ucMaxSysCallPriority
                0x0000000020000f84        0x1 ./Middlewares/Third_Party/FreeRTOS/Source/portable/GCC/ARM_CM4F/port.o
 *fill*         0x0000000020000f85        0x3 
 .bss.ulMaxPRIGROUPValue
                0x0000000020000f88        0x4 ./Middlewares/Third_Party/FreeRTOS/Source/portable/GCC/ARM_CM4F/port.o
 .bss.ucHeap    0x0000000020000f8c      0xbb8 ./Middlewares/Third_Party/FreeRTOS/Source/portable/MemMang/heap_4.o
 .bss.xStart    0x0000000020001b44        0x8 ./Middlewares/Third_Party/FreeRTOS/Source/portable/MemMang/heap_4.o
 .bss.pxEnd     0x0000000020001b4c        0x4 ./Middlewares/Third_Party/FreeRTOS/Source/portable/MemMang/heap_4.o
 .bss.xFreeBytesRemaining
                0x0000000020001b50        0x4 ./Middlewares/Third_Party/FreeRTOS/Source/portable/MemMang/heap_4.o
 .bss.xMinimumEverFreeBytesRemaining
                0x0000000020001b54        0x4 ./Middlewares/Third_Party/FreeRTOS/Source/portable/MemMang/heap_4.o
 .bss.xNumberOfSuccessfulAllocations
                0x0000000020001b58        0x4 ./Middlewares/Third_Party/FreeRTOS/Source/portable/MemMang/heap_4.o
 .bss.xNumberOfSuccessfulFrees
                0x0000000020001b5c        0x4 ./Middlewares/Third_Party/FreeRTOS/Source/portable/MemMang/heap_4.o
 .bss.xBlockAllocatedBit
                0x0000000020001b60        0x4 ./Middlewares/Third_Party/FreeRTOS/Source/portable/MemMang/heap_4.o
 .bss.__sf      0x0000000020001b64      0x138 /Applications/STM32CubeIDE.app/Contents/Eclipse/plugins/com.st.stm32cube.ide.mcu.externaltools.gnu-tools-for-stm32.11.3.rel1.macos64_1.1.1.202309131626/tools/bin/../lib/gcc/arm-none-eabi/11.3.1/../../../../arm-none-eabi/lib/thumb/v7e-m+fp/hard/libc_nano.a(libc_a-findfp.o)
                0x0000000020001b64                __sf
 .bss.__stdio_exit_handler
                0x0000000020001c9c        0x4 /Applications/STM32CubeIDE.app/Contents/Eclipse/plugins/com.st.stm32cube.ide.mcu.externaltools.gnu-tools-for-stm32.11.3.rel1.macos64_1.1.1.202309131626/tools/bin/../lib/gcc/arm-none-eabi/11.3.1/../../../../arm-none-eabi/lib/thumb/v7e-m+fp/hard/libc_nano.a(libc_a-findfp.o)
                0x0000000020001c9c                __stdio_exit_handler
 .bss.__lock___malloc_recursive_mutex
                0x0000000020001ca0        0x1 /Applications/STM32CubeIDE.app/Contents/Eclipse/plugins/com.st.stm32cube.ide.mcu.externaltools.gnu-tools-for-stm32.11.3.rel1.macos64_1.1.1.202309131626/tools/bin/../lib/gcc/arm-none-eabi/11.3.1/../../../../arm-none-eabi/lib/thumb/v7e-m+fp/hard/libc_nano.a(libc_a-lock.o)
                0x0000000020001ca0                __lock___malloc_recursive_mutex
 .bss.__lock___sfp_recursive_mutex
                0x0000000020001ca1        0x1 /Applications/STM32CubeIDE.app/Contents/Eclipse/plugins/com.st.stm32cube.ide.mcu.externaltools.gnu-tools-for-stm32.11.3.rel1.macos64_1.1.1.202309131626/tools/bin/../lib/gcc/arm-none-eabi/11.3.1/../../../../arm-none-eabi/lib/thumb/v7e-m+fp/hard/libc_nano.a(libc_a-lock.o)
                0x0000000020001ca1                __lock___sfp_recursive_mutex
 *fill*         0x0000000020001ca2        0x2 
 .bss.__malloc_free_list
                0x0000000020001ca4        0x4 /Applications/STM32CubeIDE.app/Contents/Eclipse/plugins/com.st.stm32cube.ide.mcu.externaltools.gnu-tools-for-stm32.11.3.rel1.macos64_1.1.1.202309131626/tools/bin/../lib/gcc/arm-none-eabi/11.3.1/../../../../arm-none-eabi/lib/thumb/v7e-m+fp/hard/libc_nano.a(libc_a-mallocr.o)
                0x0000000020001ca4                __malloc_free_list
 .bss.__malloc_sbrk_start
                0x0000000020001ca8        0x4 /Applications/STM32CubeIDE.app/Contents/Eclipse/plugins/com.st.stm32cube.ide.mcu.externaltools.gnu-tools-for-stm32.11.3.rel1.macos64_1.1.1.202309131626/tools/bin/../lib/gcc/arm-none-eabi/11.3.1/../../../../arm-none-eabi/lib/thumb/v7e-m+fp/hard/libc_nano.a(libc_a-mallocr.o)
                0x0000000020001ca8                __malloc_sbrk_start
 .bss.errno     0x0000000020001cac        0x4 /Applications/STM32CubeIDE.app/Contents/Eclipse/plugins/com.st.stm32cube.ide.mcu.externaltools.gnu-tools-for-stm32.11.3.rel1.macos64_1.1.1.202309131626/tools/bin/../lib/gcc/arm-none-eabi/11.3.1/../../../../arm-none-eabi/lib/thumb/v7e-m+fp/hard/libc_nano.a(libc_a-reent.o)
                0x0000000020001cac                errno
 *(COMMON)
                0x0000000020001cb0                . = ALIGN (0x4)
                0x0000000020001cb0                _ebss = .
                0x0000000020001cb0                __bss_end__ = _ebss

._user_heap_stack
                0x0000000020001cb0      0x600 load address 0x000000000800a080
                0x0000000020001cb0                . = ALIGN (0x8)
                [!provide]                        PROVIDE (end = .)
                0x0000000020001cb0                PROVIDE (_end = .)
                0x0000000020001eb0                . = (. + _Min_Heap_Size)
 *fill*         0x0000000020001cb0      0x200 
                0x00000000200022b0                . = (. + _Min_Stack_Size)
 *fill*         0x0000000020001eb0      0x400 
                0x00000000200022b0                . = ALIGN (0x8)

/DISCARD/
 libc.a(*)
 libm.a(*)
 libgcc.a(*)

.ARM.attributes
                0x0000000000000000       0x30
 *(.ARM.attributes)
 .ARM.attributes
                0x0000000000000000       0x1e /Applications/STM32CubeIDE.app/Contents/Eclipse/plugins/com.st.stm32cube.ide.mcu.externaltools.gnu-tools-for-stm32.11.3.rel1.macos64_1.1.1.202309131626/tools/bin/../lib/gcc/arm-none-eabi/11.3.1/thumb/v7e-m+fp/hard/crti.o
 .ARM.attributes
                0x000000000000001e       0x34 /Applications/STM32CubeIDE.app/Contents/Eclipse/plugins/com.st.stm32cube.ide.mcu.externaltools.gnu-tools-for-stm32.11.3.rel1.macos64_1.1.1.202309131626/tools/bin/../lib/gcc/arm-none-eabi/11.3.1/thumb/v7e-m+fp/hard/crtbegin.o
 .ARM.attributes
                0x0000000000000052       0x34 ./Core/Src/TrafficInputs.o
 .ARM.attributes
                0x0000000000000086       0x34 ./Core/Src/TrafficLogic.o
 .ARM.attributes
                0x00000000000000ba       0x34 ./Core/Src/dma.o
 .ARM.attributes
                0x00000000000000ee       0x34 ./Core/Src/freertos.o
 .ARM.attributes
                0x0000000000000122       0x34 ./Core/Src/gpio.o
 .ARM.attributes
                0x0000000000000156       0x34 ./Core/Src/hc595.o
 .ARM.attributes
                0x000000000000018a       0x34 ./Core/Src/main.o
 .ARM.attributes
                0x00000000000001be       0x34 ./Core/Src/spi.o
 .ARM.attributes
                0x00000000000001f2       0x34 ./Core/Src/stm32l4xx_hal_msp.o
 .ARM.attributes
                0x0000000000000226       0x34 ./Core/Src/stm32l4xx_hal_timebase_tim.o
 .ARM.attributes
                0x000000000000025a       0x34 ./Core/Src/stm32l4xx_it.o
 .ARM.attributes
                0x000000000000028e       0x34 ./Core/Src/syscalls.o
 .ARM.attributes
                0x00000000000002c2       0x34 ./Core/Src/sysmem.o
 .ARM.attributes
                0x00000000000002f6       0x34 ./Core/Src/system_stm32l4xx.o
 .ARM.attributes
                0x000000000000032a       0x34 ./Core/Src/trafficLights.o
 .ARM.attributes
                0x000000000000035e       0x34 ./Core/Src/usart.o
 .ARM.attributes
                0x0000000000000392       0x21 ./Core/Startup/startup_stm32l476rgtx.o
 .ARM.attributes
                0x00000000000003b3       0x34 ./Drivers/STM32L4xx_HAL_Driver/Src/stm32l4xx_hal.o
 .ARM.attributes
                0x00000000000003e7       0x34 ./Drivers/STM32L4xx_HAL_Driver/Src/stm32l4xx_hal_cortex.o
 .ARM.attributes
                0x000000000000041b       0x34 ./Drivers/STM32L4xx_HAL_Driver/Src/stm32l4xx_hal_dma.o
 .ARM.attributes
                0x000000000000044f       0x34 ./Drivers/STM32L4xx_HAL_Driver/Src/stm32l4xx_hal_gpio.o
 .ARM.attributes
                0x0000000000000483       0x34 ./Drivers/STM32L4xx_HAL_Driver/Src/stm32l4xx_hal_pwr_ex.o
 .ARM.attributes
                0x00000000000004b7       0x34 ./Drivers/STM32L4xx_HAL_Driver/Src/stm32l4xx_hal_rcc.o
 .ARM.attributes
                0x00000000000004eb       0x34 ./Drivers/STM32L4xx_HAL_Driver/Src/stm32l4xx_hal_rcc_ex.o
 .ARM.attributes
                0x000000000000051f       0x34 ./Drivers/STM32L4xx_HAL_Driver/Src/stm32l4xx_hal_spi.o
 .ARM.attributes
                0x0000000000000553       0x34 ./Drivers/STM32L4xx_HAL_Driver/Src/stm32l4xx_hal_tim.o
 .ARM.attributes
                0x0000000000000587       0x34 ./Drivers/STM32L4xx_HAL_Driver/Src/stm32l4xx_hal_tim_ex.o
 .ARM.attributes
                0x00000000000005bb       0x34 ./Drivers/STM32L4xx_HAL_Driver/Src/stm32l4xx_hal_uart.o