../Core/Src/freertos.c:144:6:MX_FREERTOS_Init	8	static
../Core/Src/freertos.c:212:6:StartDefaultTask	16	static
../Core/Src/freertos.c:230:6:BlueLight	24	static
../Core/Src/freertos.c:259:6:inputOutput	40	static
../Core/Src/freertos.c:285:6:updateState	24	static
../Core/Src/freertos.c:384:6:RedDelayCallback	16	static
../Core/Src/freertos.c:394:6:YellowDelayCallback	16	static
../Core/Src/freertos.c:425:6:GreenDelayCallback	16	static
../Core/Src/freertos.c:435:6:PedDelayCallback	16	static
../Core/Src/freertos.c:448:6:WalkingDelayCallback	16	static
../Core/Src/freertos.c:457:6:noCar	4	static
../Core/Src/freertos.c:461:6:noCarLeftRight	4	static
../Core/Src/freertos.c:465:6:noCarTopBottom	4	static
