../Core/Src/test.c:19:6:Test_Program	8	static
../Core/Src/test.c:44:6:simulateTestScenario	16	static
../Core/Src/test.c:63:6:testTrafficLogicTwoLanePed	32	static
../Core/Src/test.c:119:6:testTrafficLogicOneLane	16	static
../Core/Src/test.c:147:6:testFasterLight	16	static
../Core/Src/test.c:158:6:testLightLogic	8	static
../Core/Src/test.c:176:6:testBlueLightToggle	8	static
../Core/Src/test.c:183:6:testInputs	16	static
../Core/Src/test.c:249:6:testLights	8	static
../Core/Src/test.c:440:6:testHC595	16	static
../Core/Src/test.c:479:6:hasError	16	static
