../Core/Src/test.c:18:6:Test_Program	8	static
../Core/Src/test.c:43:6:simulateTestScenario	16	static
../Core/Src/test.c:62:6:testTrafficLogicTwoLanePed	32	static
../Core/Src/test.c:118:6:testTrafficLogicOneLane	16	static
../Core/Src/test.c:146:6:testFasterLight	16	static
../Core/Src/test.c:157:6:testLightLogic	8	static
../Core/Src/test.c:175:6:testBlueLightToggle	8	static
../Core/Src/test.c:182:6:testInputs	16	static
../Core/Src/test.c:248:6:testLights	8	static
../Core/Src/test.c:439:6:testHC595	16	static
../Core/Src/test.c:454:6:hasError	16	static
