../Core/Src/TrafficInputs.c:12:6:init_TrafficInputs	8	static
../Core/Src/TrafficInputs.c:16:6:trafficInputs_Update	8	static
../Core/Src/TrafficInputs.c:25:14:getInputState	16	static
../Core/Src/TrafficInputs.c:29:6:getLeftCar	4	static
../Core/Src/TrafficInputs.c:33:6:getBottomCar	4	static
../Core/Src/TrafficInputs.c:37:6:getRightCar	4	static
../Core/Src/TrafficInputs.c:41:6:getTopCar	4	static
../Core/Src/TrafficInputs.c:45:6:getLeftPed	4	static
../Core/Src/TrafficInputs.c:49:6:getTopPed	4	static
