../Core/Src/trafficLights.c:37:6:initTrafficLights	24	static
../Core/Src/trafficLights.c:45:6:setLight	32	static
../Core/Src/trafficLights.c:62:6:ControlLight	16	static
../Core/Src/trafficLights.c:66:6:updateLights	8	static
../Core/Src/trafficLights.c:73:6:toggleBlueLeft	4	static
../Core/Src/trafficLights.c:78:6:toggleBlueTop	4	static
../Core/Src/trafficLights.c:83:6:turnOffAllLights	4	static
../Core/Src/trafficLights.c:91:6:turnOnAllLights	4	static
../Core/Src/trafficLights.c:98:6:setLightsState	24	static
../Core/Src/trafficLights.c:110:6:GetRedRight	4	static
../Core/Src/trafficLights.c:114:6:GetYellowRight	4	static
../Core/Src/trafficLights.c:118:6:GetGreenRight	4	static
../Core/Src/trafficLights.c:122:6:GetRedTop	4	static
../Core/Src/trafficLights.c:126:6:GetYellowTop	4	static
../Core/Src/trafficLights.c:130:6:GetGreenTop	4	static
../Core/Src/trafficLights.c:134:6:GetRedBottom	4	static
../Core/Src/trafficLights.c:138:6:GetYellowBottom	4	static
../Core/Src/trafficLights.c:142:6:GetGreenBottom	4	static
../Core/Src/trafficLights.c:146:6:GetRedPedTop	4	static
../Core/Src/trafficLights.c:150:6:GetGreenPedTop	4	static
../Core/Src/trafficLights.c:154:6:GetBluePedTop	4	static
../Core/Src/trafficLights.c:158:6:GetRedLeft	4	static
../Core/Src/trafficLights.c:162:6:GetYellowLeft	4	static
../Core/Src/trafficLights.c:166:6:GetGreenLeft	4	static
../Core/Src/trafficLights.c:170:6:GetRedPedLeft	4	static
../Core/Src/trafficLights.c:174:6:GetGreenPedLeft	4	static
../Core/Src/trafficLights.c:178:6:GetBluePedLeft	4	static
